Archive member included to satisfy reference by file (symbol)

C:/ST/STM32CubeIDE_1.18.0/STM32CubeIDE/plugins/com.st.stm32cube.ide.mcu.externaltools.gnu-tools-for-stm32.13.3.rel1.win32_1.0.0.202411081344/tools/bin/../lib/gcc/arm-none-eabi/13.3.1/../../../../arm-none-eabi/lib/thumb/v6-m/nofp\libc_nano.a(libc_a-exit.o)
                              C:/ST/STM32CubeIDE_1.18.0/STM32CubeIDE/plugins/com.st.stm32cube.ide.mcu.externaltools.gnu-tools-for-stm32.13.3.rel1.win32_1.0.0.202411081344/tools/bin/../lib/gcc/arm-none-eabi/13.3.1/../../../../arm-none-eabi/lib/thumb/v6-m/nofp/crt0.o (exit)
C:/ST/STM32CubeIDE_1.18.0/STM32CubeIDE/plugins/com.st.stm32cube.ide.mcu.externaltools.gnu-tools-for-stm32.13.3.rel1.win32_1.0.0.202411081344/tools/bin/../lib/gcc/arm-none-eabi/13.3.1/../../../../arm-none-eabi/lib/thumb/v6-m/nofp\libc_nano.a(libc_a-malloc.o)
                              ./Core/ThreadSafe/newlib_lock_glue.o (malloc)
C:/ST/STM32CubeIDE_1.18.0/STM32CubeIDE/plugins/com.st.stm32cube.ide.mcu.externaltools.gnu-tools-for-stm32.13.3.rel1.win32_1.0.0.202411081344/tools/bin/../lib/gcc/arm-none-eabi/13.3.1/../../../../arm-none-eabi/lib/thumb/v6-m/nofp\libc_nano.a(libc_a-mallocr.o)
                              C:/ST/STM32CubeIDE_1.18.0/STM32CubeIDE/plugins/com.st.stm32cube.ide.mcu.externaltools.gnu-tools-for-stm32.13.3.rel1.win32_1.0.0.202411081344/tools/bin/../lib/gcc/arm-none-eabi/13.3.1/../../../../arm-none-eabi/lib/thumb/v6-m/nofp\libc_nano.a(libc_a-malloc.o) (_malloc_r)
C:/ST/STM32CubeIDE_1.18.0/STM32CubeIDE/plugins/com.st.stm32cube.ide.mcu.externaltools.gnu-tools-for-stm32.13.3.rel1.win32_1.0.0.202411081344/tools/bin/../lib/gcc/arm-none-eabi/13.3.1/../../../../arm-none-eabi/lib/thumb/v6-m/nofp\libc_nano.a(libc_a-mlock.o)
                              C:/ST/STM32CubeIDE_1.18.0/STM32CubeIDE/plugins/com.st.stm32cube.ide.mcu.externaltools.gnu-tools-for-stm32.13.3.rel1.win32_1.0.0.202411081344/tools/bin/../lib/gcc/arm-none-eabi/13.3.1/../../../../arm-none-eabi/lib/thumb/v6-m/nofp\libc_nano.a(libc_a-mallocr.o) (__malloc_lock)
C:/ST/STM32CubeIDE_1.18.0/STM32CubeIDE/plugins/com.st.stm32cube.ide.mcu.externaltools.gnu-tools-for-stm32.13.3.rel1.win32_1.0.0.202411081344/tools/bin/../lib/gcc/arm-none-eabi/13.3.1/../../../../arm-none-eabi/lib/thumb/v6-m/nofp\libc_nano.a(libc_a-findfp.o)
                              C:/ST/STM32CubeIDE_1.18.0/STM32CubeIDE/plugins/com.st.stm32cube.ide.mcu.externaltools.gnu-tools-for-stm32.13.3.rel1.win32_1.0.0.202411081344/tools/bin/../lib/gcc/arm-none-eabi/13.3.1/../../../../arm-none-eabi/lib/thumb/v6-m/nofp\libc_nano.a(libc_a-exit.o) (__stdio_exit_handler)
C:/ST/STM32CubeIDE_1.18.0/STM32CubeIDE/plugins/com.st.stm32cube.ide.mcu.externaltools.gnu-tools-for-stm32.13.3.rel1.win32_1.0.0.202411081344/tools/bin/../lib/gcc/arm-none-eabi/13.3.1/../../../../arm-none-eabi/lib/thumb/v6-m/nofp\libc_nano.a(libc_a-fwalk.o)
                              C:/ST/STM32CubeIDE_1.18.0/STM32CubeIDE/plugins/com.st.stm32cube.ide.mcu.externaltools.gnu-tools-for-stm32.13.3.rel1.win32_1.0.0.202411081344/tools/bin/../lib/gcc/arm-none-eabi/13.3.1/../../../../arm-none-eabi/lib/thumb/v6-m/nofp\libc_nano.a(libc_a-findfp.o) (_fwalk_sglue)
C:/ST/STM32CubeIDE_1.18.0/STM32CubeIDE/plugins/com.st.stm32cube.ide.mcu.externaltools.gnu-tools-for-stm32.13.3.rel1.win32_1.0.0.202411081344/tools/bin/../lib/gcc/arm-none-eabi/13.3.1/../../../../arm-none-eabi/lib/thumb/v6-m/nofp\libc_nano.a(libc_a-stdio.o)
                              C:/ST/STM32CubeIDE_1.18.0/STM32CubeIDE/plugins/com.st.stm32cube.ide.mcu.externaltools.gnu-tools-for-stm32.13.3.rel1.win32_1.0.0.202411081344/tools/bin/../lib/gcc/arm-none-eabi/13.3.1/../../../../arm-none-eabi/lib/thumb/v6-m/nofp\libc_nano.a(libc_a-findfp.o) (__sread)
C:/ST/STM32CubeIDE_1.18.0/STM32CubeIDE/plugins/com.st.stm32cube.ide.mcu.externaltools.gnu-tools-for-stm32.13.3.rel1.win32_1.0.0.202411081344/tools/bin/../lib/gcc/arm-none-eabi/13.3.1/../../../../arm-none-eabi/lib/thumb/v6-m/nofp\libc_nano.a(libc_a-memset.o)
                              C:/ST/STM32CubeIDE_1.18.0/STM32CubeIDE/plugins/com.st.stm32cube.ide.mcu.externaltools.gnu-tools-for-stm32.13.3.rel1.win32_1.0.0.202411081344/tools/bin/../lib/gcc/arm-none-eabi/13.3.1/../../../../arm-none-eabi/lib/thumb/v6-m/nofp/crt0.o (memset)
C:/ST/STM32CubeIDE_1.18.0/STM32CubeIDE/plugins/com.st.stm32cube.ide.mcu.externaltools.gnu-tools-for-stm32.13.3.rel1.win32_1.0.0.202411081344/tools/bin/../lib/gcc/arm-none-eabi/13.3.1/../../../../arm-none-eabi/lib/thumb/v6-m/nofp\libc_nano.a(libc_a-closer.o)
                              C:/ST/STM32CubeIDE_1.18.0/STM32CubeIDE/plugins/com.st.stm32cube.ide.mcu.externaltools.gnu-tools-for-stm32.13.3.rel1.win32_1.0.0.202411081344/tools/bin/../lib/gcc/arm-none-eabi/13.3.1/../../../../arm-none-eabi/lib/thumb/v6-m/nofp\libc_nano.a(libc_a-stdio.o) (_close_r)
[...]
Memory Configuration

Name             Origin             Length             Attributes
RAM              0x20000000         0x00009000         xrw
FLASH            0x08000000         0x00020000         xr
*default*        0x00000000         0xffffffff

Linker script and memory map

LOAD C:/ST/STM32CubeIDE_1.18.0/STM32CubeIDE/plugins/com.st.stm32cube.ide.mcu.externaltools.gnu-tools-for-stm32.13.3.rel1.win32_1.0.0.202411081344/tools/bin/../lib/gcc/arm-none-eabi/13.3.1/thumb/v6-m/nofp/crti.o
LOAD C:/ST/STM32CubeIDE_1.18.0/STM32CubeIDE/plugins/com.st.stm32cube.ide.mcu.externaltools.gnu-tools-for-stm32.13.3.rel1.win32_1.0.0.202411081344/tools/bin/../lib/gcc/arm-none-eabi/13.3.1/thumb/v6-m/nofp/crtbegin.o
LOAD C:/ST/STM32CubeIDE_1.18.0/STM32CubeIDE/plugins/com.st.stm32cube.ide.mcu.externaltools.gnu-tools-for-stm32.13.3.rel1.win32_1.0.0.202411081344/tools/bin/../lib/gcc/arm-none-eabi/13.3.1/../../../../arm-none-eabi/lib/thumb/v6-m/nofp/crt0.o
LOAD ./Core/Src/LP5036RJVR_led_driver.o
LOAD ./Core/Src/adc.o
LOAD ./Core/Src/crc.o
LOAD ./Core/Src/dma.o
LOAD ./Core/Src/gpio.o
LOAD ./Core/Src/i2c.o
LOAD ./Core/Src/main.o
LOAD ./Core/Src/main_motor_driver.o
LOAD ./Core/Src/rtc.o
LOAD ./Core/Src/small_motor_DAC.o
LOAD ./Core/Src/stm32g0xx_hal_msp.o
LOAD ./Core/Src/stm32g0xx_it.o
LOAD ./Core/Src/syscalls.o
LOAD ./Core/Src/sysmem.o
LOAD ./Core/Src/system_stm32g0xx.o
LOAD ./Core/Src/tasks.o
LOAD ./Core/Src/tim.o
LOAD ./Core/Src/usart.o
LOAD ./Core/Startup/startup_stm32g070rbtx.o
LOAD ./Core/ThreadSafe/newlib_lock_glue.o
LOAD ./Drivers/STM32G0xx_HAL_Driver/stm32g0xx_hal.o
LOAD ./Drivers/STM32G0xx_HAL_Driver/stm32g0xx_hal_adc.o
LOAD ./Drivers/STM32G0xx_HAL_Driver/stm32g0xx_hal_adc_ex.o
LOAD ./Drivers/STM32G0xx_HAL_Driver/stm32g0xx_hal_cortex.o
LOAD ./Drivers/STM32G0xx_HAL_Driver/stm32g0xx_hal_crc.o
LOAD ./Drivers/STM32G0xx_HAL_Driver/stm32g0xx_hal_crc_ex.o
LOAD ./Drivers/STM32G0xx_HAL_Driver/stm32g0xx_hal_dma.o
LOAD ./Drivers/STM32G0xx_HAL_Driver/stm32g0xx_hal_dma_ex.o
LOAD ./Drivers/STM32G0xx_HAL_Driver/stm32g0xx_hal_exti.o
LOAD ./Drivers/STM32G0xx_HAL_Driver/stm32g0xx_hal_flash.o
LOAD ./Drivers/STM32G0xx_HAL_Driver/stm32g0xx_hal_flash_ex.o
LOAD ./Drivers/STM32G0xx_HAL_Driver/stm32g0xx_hal_gpio.o
LOAD ./Drivers/STM32G0xx_HAL_Driver/stm32g0xx_hal_i2c.o
LOAD ./Drivers/STM32G0xx_HAL_Driver/stm32g0xx_hal_i2c_ex.o
LOAD ./Drivers/STM32G0xx_HAL_Driver/stm32g0xx_hal_pwr.o
LOAD ./Drivers/STM32G0xx_HAL_Driver/stm32g0xx_hal_pwr_ex.o
LOAD ./Drivers/STM32G0xx_HAL_Driver/stm32g0xx_hal_rcc.o
LOAD ./Drivers/STM32G0xx_HAL_Driver/stm32g0xx_hal_rcc_ex.o
LOAD ./Drivers/STM32G0xx_HAL_Driver/stm32g0xx_hal_rtc.o
LOAD ./Drivers/STM32G0xx_HAL_Driver/stm32g0xx_hal_rtc_ex.o
LOAD ./Drivers/STM32G0xx_HAL_Driver/stm32g0xx_hal_tim.o
LOAD ./Drivers/STM32G0xx_HAL_Driver/stm32g0xx_hal_tim_ex.o
LOAD ./Drivers/STM32G0xx_HAL_Driver/stm32g0xx_hal_uart.o
LOAD ./Drivers/STM32G0xx_HAL_Driver/stm32g0xx_hal_uart_ex.o
LOAD ./Drivers/STM32G0xx_HAL_Driver/stm32g0xx_ll_adc.o
LOAD ./Drivers/STM32G0xx_HAL_Driver/stm32g0xx_ll_rcc.o
START GROUP
LOAD C:/ST/STM32CubeIDE_1.18.0/STM32CubeIDE/plugins/com.st.stm32cube.ide.mcu.externaltools.gnu-tools-for-stm32.13.3.rel1.win32_1.0.0.202411081344/tools/bin/../lib/gcc/arm-none-eabi/13.3.1/../../../../arm-none-eabi/lib/thumb/v6-m/nofp\libc_nano.a
LOAD C:/ST/STM32CubeIDE_1.18.0/STM32CubeIDE/plugins/com.st.stm32cube.ide.mcu.externaltools.gnu-tools-for-stm32.13.3.rel1.win32_1.0.0.202411081344/tools/bin/../lib/gcc/arm-none-eabi/13.3.1/../../../../arm-none-eabi/lib/thumb/v6-m/nofp\libm.a
END GROUP
START GROUP
LOAD C:/ST/STM32CubeIDE_1.18.0/STM32CubeIDE/plugins/com.st.stm32cube.ide.mcu.externaltools.gnu-tools-for-stm32.13.3.rel1.win32_1.0.0.202411081344/tools/bin/../lib/gcc/arm-none-eabi/13.3.1/thumb/v6-m/nofp\libgcc.a
LOAD C:/ST/STM32CubeIDE_1.18.0/STM32CubeIDE/plugins/com.st.stm32cube.ide.mcu.externaltools.gnu-tools-for-stm32.13.3.rel1.win32_1.0.0.202411081344/tools/bin/../lib/gcc/arm-none-eabi/13.3.1/../../../../arm-none-eabi/lib/thumb/v6-m/nofp\libc_nano.a
END GROUP
START GROUP
LOAD C:/ST/STM32CubeIDE_1.18.0/STM32CubeIDE/plugins/com.st.stm32cube.ide.mcu.externaltools.gnu-tools-for-stm32.13.3.rel1.win32_1.0.0.202411081344/tools/bin/../lib/gcc/arm-none-eabi/13.3.1/thumb/v6-m/nofp\libgcc.a
LOAD C:/ST/STM32CubeIDE_1.18.0/STM32CubeIDE/plugins/com.st.stm32cube.ide.mcu.externaltools.gnu-tools-for-stm32.13.3.rel1.win32_1.0.0.202411081344/tools/bin/../lib/gcc/arm-none-eabi/13.3.1/../../../../arm-none-eabi/lib/thumb/v6-m/nofp\libc_nano.a
LOAD C:/ST/STM32CubeIDE_1.18.0/STM32CubeIDE/plugins/com.st.stm32cube.ide.mcu.externaltools.gnu-tools-for-stm32.13.3.rel1.win32_1.0.0.202411081344/tools/bin/../lib/gcc/arm-none-eabi/13.3.1/../../../../arm-none-eabi/lib/thumb/v6-m/nofp\libnosys.a
END GROUP
START GROUP
LOAD C:/ST/STM32CubeIDE_1.18.0/STM32CubeIDE/plugins/com.st.stm32cube.ide.mcu.externaltools.gnu-tools-for-stm32.13.3.rel1.win32_1.0.0.202411081344/tools/bin/../lib/gcc/arm-none-eabi/13.3.1/thumb/v6-m/nofp\libgcc.a
LOAD C:/ST/STM32CubeIDE_1.18.0/STM32CubeIDE/plugins/com.st.stm32cube.ide.mcu.externaltools.gnu-tools-for-stm32.13.3.rel1.win32_1.0.0.202411081344/tools/bin/../lib/gcc/arm-none-eabi/13.3.1/../../../../arm-none-eabi/lib/thumb/v6-m/nofp\libc_nano.a
LOAD C:/ST/STM32CubeIDE_1.18.0/STM32CubeIDE/plugins/com.st.stm32cube.ide.mcu.externaltools.gnu-tools-for-stm32.13.3.rel1.win32_1.0.0.202411081344/tools/bin/../lib/gcc/arm-none-eabi/13.3.1/../../../../arm-none-eabi/lib/thumb/v6-m/nofp\libnosys.a
END GROUP
LOAD C:/ST/STM32CubeIDE_1.18.0/STM32CubeIDE/plugins/com.st.stm32cube.ide.mcu.externaltools.gnu-tools-for-stm32.13.3.rel1.win32_1.0.0.202411081344/tools/bin/../lib/gcc/arm-none-eabi/13.3.1/thumb/v6-m/nofp/crtend.o
LOAD C:/ST/STM32CubeIDE_1.18.0/STM32CubeIDE/plugins/com.st.stm32cube.ide.mcu.externaltools.gnu-tools-for-stm32.13.3.rel1.win32_1.0.0.202411081344/tools/bin/../lib/gcc/arm-none-eabi/13.3.1/thumb/v6-m/nofp/crtn.o
                0x20009000                        _estack = (ORIGIN (RAM) + LENGTH (RAM))
                0x00000200                        _Min_Heap_Size = 0x200
                0x00000400                        _Min_Stack_Size = 0x400

.isr_vector     0x08000000       0xb8
                0x08000000                        . = ALIGN (0x4)
 *(.isr_vector)
 .isr_vector    0x08000000       0xb8 ./Core/Startup/startup_stm32g070rbtx.o
                0x08000000                g_pfnVectors
                0x080000b8                        . = ALIGN (0x4)

.text           0x080000b8     0x798c
                0x080000b8                        . = ALIGN (0x4)
 *(.text)
 .text          0x080000b8       0x48 C:/ST/STM32CubeIDE_1.18.0/STM32CubeIDE/plugins/com.st.stm32cube.ide.mcu.externaltools.gnu-tools-for-stm32.13.3.rel1.win32_1.0.0.202411081344/tools/bin/../lib/gcc/arm-none-eabi/13.3.1/thumb/v6-m/nofp/crtbegin.o
 .text          0x08000100       0x14 C:/ST/STM32CubeIDE_1.18.0/STM32CubeIDE/plugins/com.st.stm32cube.ide.mcu.externaltools.gnu-tools-for-stm32.13.3.rel1.win32_1.0.0.202411081344/tools/bin/../lib/gcc/arm-none-eabi/13.3.1/../../../../arm-none-eabi/lib/thumb/v6-m/nofp\libc_nano.a(libc_a-strcmp.o)
                0x08000100                strcmp
 .text          0x08000114      0x114 C:/ST/STM32CubeIDE_1.18.0/STM32CubeIDE/plugins/com.st.stm32cube.ide.mcu.externaltools.gnu-tools-for-stm32.13.3.rel1.win32_1.0.0.202411081344/tools/bin/../lib/gcc/arm-none-eabi/13.3.1/thumb/v6-m/nofp\libgcc.a(_udivsi3.o)
                0x08000114                __aeabi_uidiv
                0x08000114                __udivsi3
                0x08000220                __aeabi_uidivmod
 .text          0x08000228      0x1d4 C:/ST/STM32CubeIDE_1.18.0/STM32CubeIDE/plugins/com.st.stm32cube.ide.mcu.externaltools.gnu-tools-for-stm32.13.3.rel1.win32_1.0.0.202411081344/tools/bin/../lib/gcc/arm-none-eabi/13.3.1/thumb/v6-m/nofp\libgcc.a(_divsi3.o)
                0x08000228                __divsi3
                0x08000228                __aeabi_idiv
                0x080003f4                __aeabi_idivmod
 .text          0x080003fc        0x4 C:/ST/STM32CubeIDE_1.18.0/STM32CubeIDE/plugins/com.st.stm32cube.ide.mcu.externaltools.gnu-tools-for-stm32.13.3.rel1.win32_1.0.0.202411081344/tools/bin/../lib/gcc/arm-none-eabi/13.3.1/thumb/v6-m/nofp\libgcc.a(_dvmd_tls.o)
                0x080003fc                __aeabi_idiv0
                0x080003fc                __aeabi_ldiv0
 *(.text*)
 .text.led_driver_init
                0x08000400      0x2f0 ./Core/Src/LP5036RJVR_led_driver.o
                0x08000400                led_driver_init
 .text.set_background_brightness
                0x080006f0       0x84 ./Core/Src/LP5036RJVR_led_driver.o
                0x080006f0                set_background_brightness
 .text.set_led  0x08000774      0x16c ./Core/Src/LP5036RJVR_led_driver.o
                0x08000774                set_led
 .text.set_led_by_name
                0x080008e0       0x64 ./Core/Src/LP5036RJVR_led_driver.o
                0x080008e0                set_led_by_name
 .text.set_vaku_led
                0x08000944       0x70 ./Core/Src/LP5036RJVR_led_driver.o
                0x08000944                set_vaku_led
 .text.get_moving_hysteresis
                0x080009b4      0x170 ./Core/Src/adc.o
                0x080009b4                get_moving_hysteresis
 .text.get_moving_average
                0x08000b24       0xb8 ./Core/Src/adc.o
                0x08000b24                get_moving_average
 .text.MX_ADC1_Init
                0x08000bdc      0x1f4 ./Core/Src/adc.o
                0x08000bdc                MX_ADC1_Init
 .text.HAL_ADC_MspInit
                0x08000dd0       0xe4 ./Core/Src/adc.o
                0x08000dd0                HAL_ADC_MspInit
 .text.MX_CRC_Init
                0x08000eb4       0x48 ./Core/Src/crc.o
                0x08000eb4                MX_CRC_Init
 .text.HAL_CRC_MspInit
                0x08000efc       0x40 ./Core/Src/crc.o
                0x08000efc                HAL_CRC_MspInit
 .text.MX_DMA_Init
                0x08000f3c       0x3c ./Core/Src/dma.o
                0x08000f3c                MX_DMA_Init
 .text.MX_GPIO_Init
                0x08000f78      0x228 ./Core/Src/gpio.o
                0x08000f78                MX_GPIO_Init
 .text.MX_I2C1_Init
                0x080011a0       0x7c ./Core/Src/i2c.o
                0x080011a0                MX_I2C1_Init
 .text.MX_I2C2_Init
                0x0800121c       0x80 ./Core/Src/i2c.o
                0x0800121c                MX_I2C2_Init
 .text.HAL_I2C_MspInit
                0x0800129c      0x180 ./Core/Src/i2c.o
                0x0800129c                HAL_I2C_MspInit
 .text.task_Big_Motor
                0x0800141c      0x104 ./Core/Src/main.o
                0x0800141c                task_Big_Motor
 .text.task_smotor_left
                0x08001520      0x1c8 ./Core/Src/main.o
                0x08001520                task_smotor_left
 .text.task_smotor_right
                0x080016e8      0x1e0 ./Core/Src/main.o
                0x080016e8                task_smotor_right
 .text.task_left_blink
                0x080018c8       0xa0 ./Core/Src/main.o
                0x080018c8                task_left_blink
 .text.task_right_blink
                0x08001968       0xa0 ./Core/Src/main.o
                0x08001968                task_right_blink
 .text.task_adc_evaluation
                0x08001a08      0x150 ./Core/Src/main.o
                0x08001a08                task_adc_evaluation
 .text.main     0x08001b58      0x234 ./Core/Src/main.o
                0x08001b58                main
 .text.SystemClock_Config
                0x08001d8c       0xd4 ./Core/Src/main.o
                0x08001d8c                SystemClock_Config
 .text.read_bit
                0x08001e60       0x28 ./Core/Src/main.o
                0x08001e60                read_bit
 .text.write_bit
                0x08001e88       0x54 ./Core/Src/main.o
                0x08001e88                write_bit
 .text.show_error
                0x08001edc      0x13c ./Core/Src/main.o
                0x08001edc                show_error
 .text.Error_Handler
                0x08002018      0x138 ./Core/Src/main.o
                0x08002018                Error_Handler
 .text.motor_init
                0x08002150       0x74 ./Core/Src/main_motor_driver.o
                0x08002150                motor_init
 .text.set_phase
                0x080021c4       0x74 ./Core/Src/main_motor_driver.o
 .text.motor_rotate
                0x08002238       0xb4 ./Core/Src/main_motor_driver.o
                0x08002238                motor_rotate
 .text.MX_RTC_Init
                0x080022ec       0xd8 ./Core/Src/rtc.o
                0x080022ec                MX_RTC_Init
 .text.HAL_RTC_MspInit
                0x080023c4       0x7c ./Core/Src/rtc.o
                0x080023c4                HAL_RTC_MspInit
 .text.small_motor_dac_init
                0x08002440       0x20 ./Core/Src/small_motor_DAC.o
                0x08002440                small_motor_dac_init
 .text.small_motor_set_dac
                0x08002460       0xe4 ./Core/Src/small_motor_DAC.o
                0x08002460                small_motor_set_dac
 .text.HAL_MspInit
                0x08002544       0x48 ./Core/Src/stm32g0xx_hal_msp.o
                0x08002544                HAL_MspInit
 .text.NMI_Handler
                0x0800258c        0x8 ./Core/Src/stm32g0xx_it.o
                0x0800258c                NMI_Handler
 .text.HardFault_Handler
                0x08002594        0x8 ./Core/Src/stm32g0xx_it.o
                0x08002594                HardFault_Handler
 .text.SVC_Handler
                0x0800259c        0xa ./Core/Src/stm32g0xx_it.o
                0x0800259c                SVC_Handler
 .text.PendSV_Handler
                0x080025a6        0xa ./Core/Src/stm32g0xx_it.o
                0x080025a6                PendSV_Handler
 .text.SysTick_Handler
                0x080025b0        0xe ./Core/Src/stm32g0xx_it.o
                0x080025b0                SysTick_Handler
 *fill*         0x080025be        0x2 
 .text.DMA1_Channel1_IRQHandler
                0x080025c0       0x18 ./Core/Src/stm32g0xx_it.o
                0x080025c0                DMA1_Channel1_IRQHandler
 .text.SystemInit
                0x080025d8        0xa ./Core/Src/system_stm32g0xx.o
                0x080025d8                SystemInit
 *fill*         0x080025e2        0x2 
 .text.Task_Init
                0x080025e4       0x60 ./Core/Src/tasks.o
                0x080025e4                Task_Init
 .text.Task_Add
                0x08002644       0x78 ./Core/Src/tasks.o
                0x08002644                Task_Add
 .text.Task_Enable
                0x080026bc       0x5c ./Core/Src/tasks.o
                0x080026bc                Task_Enable
 .text.Task_Disable
                0x08002718       0x5c ./Core/Src/tasks.o
                0x08002718                Task_Disable
 .text.Task_Dispatch
                0x08002774       0x88 ./Core/Src/tasks.o
                0x08002774                Task_Dispatch
 .text.MX_TIM6_Init
                0x080027fc       0x74 ./Core/Src/tim.o
                0x080027fc                MX_TIM6_Init
 .text.MX_TIM17_Init
                0x08002870      0x110 ./Core/Src/tim.o
                0x08002870                MX_TIM17_Init
 .text.HAL_TIM_Base_MspInit
                0x08002980       0x78 ./Core/Src/tim.o
                0x08002980                HAL_TIM_Base_MspInit
 .text.HAL_TIM_MspPostInit
                0x080029f8       0x7c ./Core/Src/tim.o
                0x080029f8                HAL_TIM_MspPostInit
 .text.MX_USART1_UART_Init
                0x08002a74       0x9c ./Core/Src/usart.o
                0x08002a74                MX_USART1_UART_Init
 .text.HAL_UART_MspInit
                0x08002b10      0x10c ./Core/Src/usart.o
                0x08002b10                HAL_UART_MspInit
 .text.Reset_Handler
                0x08002c1c       0x50 ./Core/Startup/startup_stm32g070rbtx.o
                0x08002c1c                Reset_Handler
 .text.Default_Handler
                0x08002c6c        0x2 ./Core/Startup/startup_stm32g070rbtx.o
                0x08002c6c                TIM1_CC_IRQHandler
                0x08002c6c                TIM6_IRQHandler
                0x08002c6c                I2C1_IRQHandler
                0x08002c6c                RTC_TAMP_IRQHandler
                0x08002c6c                SPI1_IRQHandler
                0x08002c6c                USART3_4_IRQHandler
                0x08002c6c                EXTI2_3_IRQHandler
                0x08002c6c                ADC1_IRQHandler
                0x08002c6c                I2C2_IRQHandler
                0x08002c6c                TIM17_IRQHandler
                0x08002c6c                TIM16_IRQHandler
                0x08002c6c                TIM3_IRQHandler
                0x08002c6c                EXTI4_15_IRQHandler
                0x08002c6c                RCC_IRQHandler
                0x08002c6c                Default_Handler
                0x08002c6c                TIM14_IRQHandler
                0x08002c6c                TIM7_IRQHandler
                0x08002c6c                TIM15_IRQHandler
                0x08002c6c                EXTI0_1_IRQHandler
                0x08002c6c                SPI2_IRQHandler
                0x08002c6c                WWDG_IRQHandler
                0x08002c6c                DMA1_Ch4_7_DMAMUX1_OVR_IRQHandler
                0x08002c6c                DMA1_Channel2_3_IRQHandler
                0x08002c6c                USART2_IRQHandler
                0x08002c6c                FLASH_IRQHandler
                0x08002c6c                USART1_IRQHandler
                0x08002c6c                TIM1_BRK_UP_TRG_COM_IRQHandler
 *fill*         0x08002c6e        0x2 
 .text.HAL_Init
                0x08002c70       0x40 ./Drivers/STM32G0xx_HAL_Driver/stm32g0xx_hal.o
                0x08002c70                HAL_Init
 .text.HAL_InitTick
                0x08002cb0       0x94 ./Drivers/STM32G0xx_HAL_Driver/stm32g0xx_hal.o
                0x08002cb0                HAL_InitTick
 .text.HAL_IncTick
                0x08002d44       0x24 ./Drivers/STM32G0xx_HAL_Driver/stm32g0xx_hal.o
                0x08002d44                HAL_IncTick
 .text.HAL_GetTick
                0x08002d68       0x14 ./Drivers/STM32G0xx_HAL_Driver/stm32g0xx_hal.o
                0x08002d68                HAL_GetTick
 .text.HAL_Delay
                0x08002d7c       0x48 ./Drivers/STM32G0xx_HAL_Driver/stm32g0xx_hal.o
                0x08002d7c                HAL_Delay
 .text.LL_ADC_SetCommonPathInternalCh
                0x08002dc4       0x28 ./Drivers/STM32G0xx_HAL_Driver/stm32g0xx_hal_adc.o
 .text.LL_ADC_GetCommonPathInternalCh
                0x08002dec       0x1a ./Drivers/STM32G0xx_HAL_Driver/stm32g0xx_hal_adc.o
 .text.LL_ADC_SetSamplingTimeCommonChannels
                0x08002e06       0x3a ./Drivers/STM32G0xx_HAL_Driver/stm32g0xx_hal_adc.o
 .text.LL_ADC_GetSamplingTimeCommonChannels
                0x08002e40       0x2e ./Drivers/STM32G0xx_HAL_Driver/stm32g0xx_hal_adc.o
 .text.LL_ADC_REG_IsTriggerSourceSWStart
                0x08002e6e       0x22 ./Drivers/STM32G0xx_HAL_Driver/stm32g0xx_hal_adc.o
 .text.LL_ADC_REG_SetSequencerRanks
                0x08002e90       0x40 ./Drivers/STM32G0xx_HAL_Driver/stm32g0xx_hal_adc.o
 .text.LL_ADC_REG_SetSequencerChAdd
                0x08002ed0       0x22 ./Drivers/STM32G0xx_HAL_Driver/stm32g0xx_hal_adc.o
 .text.LL_ADC_REG_SetSequencerChRem
                0x08002ef2       0x24 ./Drivers/STM32G0xx_HAL_Driver/stm32g0xx_hal_adc.o
 *fill*         0x08002f16        0x2 
 .text.LL_ADC_SetChannelSamplingTime
                0x08002f18       0x38 ./Drivers/STM32G0xx_HAL_Driver/stm32g0xx_hal_adc.o
 .text.LL_ADC_EnableInternalRegulator
                0x08002f50       0x28 ./Drivers/STM32G0xx_HAL_Driver/stm32g0xx_hal_adc.o
 .text.LL_ADC_IsInternalRegulatorEnabled
                0x08002f78       0x28 ./Drivers/STM32G0xx_HAL_Driver/stm32g0xx_hal_adc.o
 .text.LL_ADC_Enable
                0x08002fa0       0x24 ./Drivers/STM32G0xx_HAL_Driver/stm32g0xx_hal_adc.o
 .text.LL_ADC_Disable
                0x08002fc4       0x24 ./Drivers/STM32G0xx_HAL_Driver/stm32g0xx_hal_adc.o
 .text.LL_ADC_IsEnabled
                0x08002fe8       0x22 ./Drivers/STM32G0xx_HAL_Driver/stm32g0xx_hal_adc.o
 *fill*         0x0800300a        0x2 
 .text.LL_ADC_REG_StartConversion
                0x0800300c       0x24 ./Drivers/STM32G0xx_HAL_Driver/stm32g0xx_hal_adc.o
 .text.LL_ADC_REG_IsConversionOngoing
                0x08003030       0x22 ./Drivers/STM32G0xx_HAL_Driver/stm32g0xx_hal_adc.o
 *fill*         0x08003052        0x2 
 .text.HAL_ADC_Init
                0x08003054      0x350 ./Drivers/STM32G0xx_HAL_Driver/stm32g0xx_hal_adc.o
                0x08003054                HAL_ADC_Init
 .text.HAL_ADC_Start_DMA
                0x080033a4      0x11c ./Drivers/STM32G0xx_HAL_Driver/stm32g0xx_hal_adc.o
                0x080033a4                HAL_ADC_Start_DMA
 .text.HAL_ADC_ConvCpltCallback
                0x080034c0       0x10 ./Drivers/STM32G0xx_HAL_Driver/stm32g0xx_hal_adc.o
                0x080034c0                HAL_ADC_ConvCpltCallback
 .text.HAL_ADC_ConvHalfCpltCallback
                0x080034d0       0x10 ./Drivers/STM32G0xx_HAL_Driver/stm32g0xx_hal_adc.o
                0x080034d0                HAL_ADC_ConvHalfCpltCallback
 .text.HAL_ADC_ErrorCallback
                0x080034e0       0x10 ./Drivers/STM32G0xx_HAL_Driver/stm32g0xx_hal_adc.o
                0x080034e0                HAL_ADC_ErrorCallback
 .text.HAL_ADC_ConfigChannel
                0x080034f0      0x3b0 ./Drivers/STM32G0xx_HAL_Driver/stm32g0xx_hal_adc.o
                0x080034f0                HAL_ADC_ConfigChannel
 .text.ADC_Enable
                0x080038a0      0x10c ./Drivers/STM32G0xx_HAL_Driver/stm32g0xx_hal_adc.o
                0x080038a0                ADC_Enable
 .text.ADC_DMAConvCplt
                0x080039ac       0xc8 ./Drivers/STM32G0xx_HAL_Driver/stm32g0xx_hal_adc.o
 .text.ADC_DMAHalfConvCplt
                0x08003a74       0x1e ./Drivers/STM32G0xx_HAL_Driver/stm32g0xx_hal_adc.o
 .text.ADC_DMAError
                0x08003a92       0x36 ./Drivers/STM32G0xx_HAL_Driver/stm32g0xx_hal_adc.o
 .text.__NVIC_EnableIRQ
                0x08003ac8       0x34 ./Drivers/STM32G0xx_HAL_Driver/stm32g0xx_hal_cortex.o
 .text.__NVIC_SetPriority
                0x08003afc       0xdc ./Drivers/STM32G0xx_HAL_Driver/stm32g0xx_hal_cortex.o
 .text.SysTick_Config
                0x08003bd8       0x48 ./Drivers/STM32G0xx_HAL_Driver/stm32g0xx_hal_cortex.o
 .text.HAL_NVIC_SetPriority
                0x08003c20       0x2a ./Drivers/STM32G0xx_HAL_Driver/stm32g0xx_hal_cortex.o
                0x08003c20                HAL_NVIC_SetPriority
 .text.HAL_NVIC_EnableIRQ
                0x08003c4a       0x20 ./Drivers/STM32G0xx_HAL_Driver/stm32g0xx_hal_cortex.o
                0x08003c4a                HAL_NVIC_EnableIRQ
 .text.HAL_SYSTICK_Config
                0x08003c6a       0x1a ./Drivers/STM32G0xx_HAL_Driver/stm32g0xx_hal_cortex.o
                0x08003c6a                HAL_SYSTICK_Config
 .text.HAL_CRC_Init
                0x08003c84       0xcc ./Drivers/STM32G0xx_HAL_Driver/stm32g0xx_hal_crc.o
                0x08003c84                HAL_CRC_Init
 .text.HAL_CRCEx_Polynomial_Set
                0x08003d50       0xea ./Drivers/STM32G0xx_HAL_Driver/stm32g0xx_hal_crc_ex.o
                0x08003d50                HAL_CRCEx_Polynomial_Set
 *fill*         0x08003e3a        0x2 
 .text.HAL_DMA_Init
                0x08003e3c      0x114 ./Drivers/STM32G0xx_HAL_Driver/stm32g0xx_hal_dma.o
                0x08003e3c                HAL_DMA_Init
 .text.HAL_DMA_Start_IT
                0x08003f50      0x10c ./Drivers/STM32G0xx_HAL_Driver/stm32g0xx_hal_dma.o
                0x08003f50                HAL_DMA_Start_IT
 .text.HAL_DMA_IRQHandler
                0x0800405c      0x164 ./Drivers/STM32G0xx_HAL_Driver/stm32g0xx_hal_dma.o
                0x0800405c                HAL_DMA_IRQHandler
 .text.DMA_SetConfig
                0x080041c0       0x80 ./Drivers/STM32G0xx_HAL_Driver/stm32g0xx_hal_dma.o
 .text.DMA_CalcDMAMUXChannelBaseAndMask
                0x08004240       0x58 ./Drivers/STM32G0xx_HAL_Driver/stm32g0xx_hal_dma.o
 .text.DMA_CalcDMAMUXRequestGenBaseAndMask
                0x08004298       0x48 ./Drivers/STM32G0xx_HAL_Driver/stm32g0xx_hal_dma.o
 .text.HAL_GPIO_Init
                0x080042e0      0x2c8 ./Drivers/STM32G0xx_HAL_Driver/stm32g0xx_hal_gpio.o
                0x080042e0                HAL_GPIO_Init
 .text.HAL_GPIO_WritePin
                0x080045a8       0x3a ./Drivers/STM32G0xx_HAL_Driver/stm32g0xx_hal_gpio.o
                0x080045a8                HAL_GPIO_WritePin
 *fill*         0x080045e2        0x2 
 .text.HAL_I2C_Init
                0x080045e4      0x14c ./Drivers/STM32G0xx_HAL_Driver/stm32g0xx_hal_i2c.o
                0x080045e4                HAL_I2C_Init
 .text.HAL_I2C_Master_Transmit
                0x08004730      0x254 ./Drivers/STM32G0xx_HAL_Driver/stm32g0xx_hal_i2c.o
                0x08004730                HAL_I2C_Master_Transmit
 .text.I2C_Flush_TXDR
                0x08004984       0x44 ./Drivers/STM32G0xx_HAL_Driver/stm32g0xx_hal_i2c.o
 .text.I2C_WaitOnFlagUntilTimeout
                0x080049c8       0xb0 ./Drivers/STM32G0xx_HAL_Driver/stm32g0xx_hal_i2c.o
 .text.I2C_WaitOnTXISFlagUntilTimeout
                0x08004a78       0x8c ./Drivers/STM32G0xx_HAL_Driver/stm32g0xx_hal_i2c.o
 .text.I2C_WaitOnSTOPFlagUntilTimeout
                0x08004b04       0x86 ./Drivers/STM32G0xx_HAL_Driver/stm32g0xx_hal_i2c.o
 *fill*         0x08004b8a        0x2 
 .text.I2C_IsErrorOccurred
                0x08004b8c      0x1f0 ./Drivers/STM32G0xx_HAL_Driver/stm32g0xx_hal_i2c.o
 .text.I2C_TransferConfig
                0x08004d7c       0x74 ./Drivers/STM32G0xx_HAL_Driver/stm32g0xx_hal_i2c.o
 .text.HAL_I2CEx_ConfigAnalogFilter
                0x08004df0       0x98 ./Drivers/STM32G0xx_HAL_Driver/stm32g0xx_hal_i2c_ex.o
                0x08004df0                HAL_I2CEx_ConfigAnalogFilter
 .text.HAL_I2CEx_ConfigDigitalFilter
                0x08004e88       0x98 ./Drivers/STM32G0xx_HAL_Driver/stm32g0xx_hal_i2c_ex.o
                0x08004e88                HAL_I2CEx_ConfigDigitalFilter
 .text.HAL_PWR_EnableBkUpAccess
                0x08004f20       0x1c ./Drivers/STM32G0xx_HAL_Driver/stm32g0xx_hal_pwr.o
                0x08004f20                HAL_PWR_EnableBkUpAccess
 .text.HAL_PWREx_ControlVoltageScaling
                0x08004f3c       0x80 ./Drivers/STM32G0xx_HAL_Driver/stm32g0xx_hal_pwr_ex.o
                0x08004f3c                HAL_PWREx_ControlVoltageScaling
 .text.LL_RCC_GetAPB1Prescaler
                0x08004fbc       0x18 ./Drivers/STM32G0xx_HAL_Driver/stm32g0xx_hal_rcc.o
 .text.HAL_RCC_OscConfig
                0x08004fd4      0x620 ./Drivers/STM32G0xx_HAL_Driver/stm32g0xx_hal_rcc.o
                0x08004fd4                HAL_RCC_OscConfig
 .text.HAL_RCC_ClockConfig
                0x080055f4      0x210 ./Drivers/STM32G0xx_HAL_Driver/stm32g0xx_hal_rcc.o
                0x080055f4                HAL_RCC_ClockConfig
 .text.HAL_RCC_GetSysClockFreq
                0x08005804      0x104 ./Drivers/STM32G0xx_HAL_Driver/stm32g0xx_hal_rcc.o
                0x08005804                HAL_RCC_GetSysClockFreq
 .text.HAL_RCC_GetHCLKFreq
                0x08005908       0x14 ./Drivers/STM32G0xx_HAL_Driver/stm32g0xx_hal_rcc.o
                0x08005908                HAL_RCC_GetHCLKFreq
 .text.HAL_RCC_GetPCLK1Freq
                0x0800591c       0x2c ./Drivers/STM32G0xx_HAL_Driver/stm32g0xx_hal_rcc.o
                0x0800591c                HAL_RCC_GetPCLK1Freq
 .text.HAL_RCC_EnableLSECSS
                0x08005948       0x1c ./Drivers/STM32G0xx_HAL_Driver/stm32g0xx_hal_rcc.o
                0x08005948                HAL_RCC_EnableLSECSS
 .text.HAL_RCCEx_PeriphCLKConfig
                0x08005964      0x268 ./Drivers/STM32G0xx_HAL_Driver/stm32g0xx_hal_rcc_ex.o
                0x08005964                HAL_RCCEx_PeriphCLKConfig
 .text.HAL_RTC_Init
                0x08005bcc      0x144 ./Drivers/STM32G0xx_HAL_Driver/stm32g0xx_hal_rtc.o
                0x08005bcc                HAL_RTC_Init
 .text.HAL_RTC_SetTime
                0x08005d10      0x150 ./Drivers/STM32G0xx_HAL_Driver/stm32g0xx_hal_rtc.o
                0x08005d10                HAL_RTC_SetTime
 .text.HAL_RTC_SetDate
                0x08005e60      0x124 ./Drivers/STM32G0xx_HAL_Driver/stm32g0xx_hal_rtc.o
                0x08005e60                HAL_RTC_SetDate
 .text.HAL_RTC_WaitForSynchro
                0x08005f84       0x4c ./Drivers/STM32G0xx_HAL_Driver/stm32g0xx_hal_rtc.o
                0x08005f84                HAL_RTC_WaitForSynchro
 .text.RTC_EnterInitMode
                0x08005fd0       0x84 ./Drivers/STM32G0xx_HAL_Driver/stm32g0xx_hal_rtc.o
                0x08005fd0                RTC_EnterInitMode
 .text.RTC_ExitInitMode
                0x08006054       0x88 ./Drivers/STM32G0xx_HAL_Driver/stm32g0xx_hal_rtc.o
                0x08006054                RTC_ExitInitMode
 .text.RTC_ByteToBcd2
                0x080060dc       0x50 ./Drivers/STM32G0xx_HAL_Driver/stm32g0xx_hal_rtc.o
                0x080060dc                RTC_ByteToBcd2
 .text.HAL_TIM_Base_Init
                0x0800612c       0xb0 ./Drivers/STM32G0xx_HAL_Driver/stm32g0xx_hal_tim.o
                0x0800612c                HAL_TIM_Base_Init
 .text.HAL_TIM_PWM_Init
                0x080061dc       0xb0 ./Drivers/STM32G0xx_HAL_Driver/stm32g0xx_hal_tim.o
                0x080061dc                HAL_TIM_PWM_Init
 .text.HAL_TIM_PWM_MspInit
                0x0800628c       0x10 ./Drivers/STM32G0xx_HAL_Driver/stm32g0xx_hal_tim.o
                0x0800628c                HAL_TIM_PWM_MspInit
 .text.HAL_TIM_PWM_Start
                0x0800629c      0x1c8 ./Drivers/STM32G0xx_HAL_Driver/stm32g0xx_hal_tim.o
                0x0800629c                HAL_TIM_PWM_Start
 .text.HAL_TIM_PWM_ConfigChannel
                0x08006464      0x200 ./Drivers/STM32G0xx_HAL_Driver/stm32g0xx_hal_tim.o
                0x08006464                HAL_TIM_PWM_ConfigChannel
 .text.TIM_Base_SetConfig
                0x08006664      0x108 ./Drivers/STM32G0xx_HAL_Driver/stm32g0xx_hal_tim.o
                0x08006664                TIM_Base_SetConfig
 .text.TIM_OC1_SetConfig
                0x0800676c      0x114 ./Drivers/STM32G0xx_HAL_Driver/stm32g0xx_hal_tim.o
 .text.TIM_OC2_SetConfig
                0x08006880      0x108 ./Drivers/STM32G0xx_HAL_Driver/stm32g0xx_hal_tim.o
                0x08006880                TIM_OC2_SetConfig
 .text.TIM_OC3_SetConfig
                0x08006988      0x110 ./Drivers/STM32G0xx_HAL_Driver/stm32g0xx_hal_tim.o
 .text.TIM_OC4_SetConfig
                0x08006a98       0xd4 ./Drivers/STM32G0xx_HAL_Driver/stm32g0xx_hal_tim.o
 .text.TIM_OC5_SetConfig
                0x08006b6c       0xc0 ./Drivers/STM32G0xx_HAL_Driver/stm32g0xx_hal_tim.o
 .text.TIM_OC6_SetConfig
                0x08006c2c       0xc8 ./Drivers/STM32G0xx_HAL_Driver/stm32g0xx_hal_tim.o
 .text.TIM_CCxChannelCmd
                0x08006cf4       0x46 ./Drivers/STM32G0xx_HAL_Driver/stm32g0xx_hal_tim.o
                0x08006cf4                TIM_CCxChannelCmd
 *fill*         0x08006d3a        0x2 
 .text.HAL_TIMEx_MasterConfigSynchronization
                0x08006d3c       0xd0 ./Drivers/STM32G0xx_HAL_Driver/stm32g0xx_hal_tim_ex.o
                0x08006d3c                HAL_TIMEx_MasterConfigSynchronization
 .text.HAL_TIMEx_ConfigBreakDeadTime
                0x08006e0c      0x138 ./Drivers/STM32G0xx_HAL_Driver/stm32g0xx_hal_tim_ex.o
                0x08006e0c                HAL_TIMEx_ConfigBreakDeadTime
 .text.HAL_UART_Init
                0x08006f44       0xac ./Drivers/STM32G0xx_HAL_Driver/stm32g0xx_hal_uart.o
                0x08006f44                HAL_UART_Init
 .text.UART_SetConfig
                0x08006ff0      0x348 ./Drivers/STM32G0xx_HAL_Driver/stm32g0xx_hal_uart.o
                0x08006ff0                UART_SetConfig
 .text.UART_AdvFeatureConfig
                0x08007338      0x168 ./Drivers/STM32G0xx_HAL_Driver/stm32g0xx_hal_uart.o
                0x08007338                UART_AdvFeatureConfig
 .text.UART_CheckIdleState
                0x080074a0      0x154 ./Drivers/STM32G0xx_HAL_Driver/stm32g0xx_hal_uart.o
                0x080074a0                UART_CheckIdleState
 .text.UART_WaitOnFlagUntilTimeout
                0x080075f4       0xde ./Drivers/STM32G0xx_HAL_Driver/stm32g0xx_hal_uart.o
                0x080075f4                UART_WaitOnFlagUntilTimeout
 *fill*         0x080076d2        0x2 
 .text.UART_EndRxTransfer
                0x080076d4       0xcc ./Drivers/STM32G0xx_HAL_Driver/stm32g0xx_hal_uart.o
 .text.HAL_UARTEx_DisableFifoMode
                0x080077a0       0x74 ./Drivers/STM32G0xx_HAL_Driver/stm32g0xx_hal_uart_ex.o
                0x080077a0                HAL_UARTEx_DisableFifoMode
 .text.HAL_UARTEx_SetTxFifoThreshold
                0x08007814       0x7e ./Drivers/STM32G0xx_HAL_Driver/stm32g0xx_hal_uart_ex.o
                0x08007814                HAL_UARTEx_SetTxFifoThreshold
 *fill*         0x08007892        0x2 
 .text.HAL_UARTEx_SetRxFifoThreshold
                0x08007894       0x84 ./Drivers/STM32G0xx_HAL_Driver/stm32g0xx_hal_uart_ex.o
                0x08007894                HAL_UARTEx_SetRxFifoThreshold
 .text.UARTEx_SetNbDataToProcess
                0x08007918       0xbc ./Drivers/STM32G0xx_HAL_Driver/stm32g0xx_hal_uart_ex.o
 .text.memset   0x080079d4       0x10 C:/ST/STM32CubeIDE_1.18.0/STM32CubeIDE/plugins/com.st.stm32cube.ide.mcu.externaltools.gnu-tools-for-stm32.13.3.rel1.win32_1.0.0.202411081344/tools/bin/../lib/gcc/arm-none-eabi/13.3.1/../../../../arm-none-eabi/lib/thumb/v6-m/nofp\libc_nano.a(libc_a-memset.o)
                0x080079d4                memset
 .text.__libc_init_array
                0x080079e4       0x48 C:/ST/STM32CubeIDE_1.18.0/STM32CubeIDE/plugins/com.st.stm32cube.ide.mcu.externaltools.gnu-tools-for-stm32.13.3.rel1.win32_1.0.0.202411081344/tools/bin/../lib/gcc/arm-none-eabi/13.3.1/../../../../arm-none-eabi/lib/thumb/v6-m/nofp\libc_nano.a(libc_a-init.o)
                0x080079e4                __libc_init_array
 *(.glue_7)
 .glue_7        0x08007a2c        0x0 linker stubs
 *(.glue_7t)
 .glue_7t       0x08007a2c        0x0 linker stubs
 *(.eh_frame)
 .eh_frame      0x08007a2c        0x0 C:/ST/STM32CubeIDE_1.18.0/STM32CubeIDE/plugins/com.st.stm32cube.ide.mcu.externaltools.gnu-tools-for-stm32.13.3.rel1.win32_1.0.0.202411081344/tools/bin/../lib/gcc/arm-none-eabi/13.3.1/thumb/v6-m/nofp/crtbegin.o
 *(.init)
 .init          0x08007a2c        0x4 C:/ST/STM32CubeIDE_1.18.0/STM32CubeIDE/plugins/com.st.stm32cube.ide.mcu.externaltools.gnu-tools-for-stm32.13.3.rel1.win32_1.0.0.202411081344/tools/bin/../lib/gcc/arm-none-eabi/13.3.1/thumb/v6-m/nofp/crti.o
                0x08007a2c                _init
 .init          0x08007a30        0x8 C:/ST/STM32CubeIDE_1.18.0/STM32CubeIDE/plugins/com.st.stm32cube.ide.mcu.externaltools.gnu-tools-for-stm32.13.3.rel1.win32_1.0.0.202411081344/tools/bin/../lib/gcc/arm-none-eabi/13.3.1/thumb/v6-m/nofp/crtn.o
 *(.fini)
 .fini          0x08007a38        0x4 C:/ST/STM32CubeIDE_1.18.0/STM32CubeIDE/plugins/com.st.stm32cube.ide.mcu.externaltools.gnu-tools-for-stm32.13.3.rel1.win32_1.0.0.202411081344/tools/bin/../lib/gcc/arm-none-eabi/13.3.1/thumb/v6-m/nofp/crti.o
                0x08007a38                _fini
 .fini          0x08007a3c        0x8 C:/ST/STM32CubeIDE_1.18.0/STM32CubeIDE/plugins/com.st.stm32cube.ide.mcu.externaltools.gnu-tools-for-stm32.13.3.rel1.win32_1.0.0.202411081344/tools/bin/../lib/gcc/arm-none-eabi/13.3.1/thumb/v6-m/nofp/crtn.o
                0x08007a44                        . = ALIGN (0x4)
                0x08007a44                        _etext = .

.vfp11_veneer   0x08007a44        0x0
 .vfp11_veneer  0x08007a44        0x0 linker stubs

.v4_bx          0x08007a44        0x0
 .v4_bx         0x08007a44        0x0 linker stubs

.iplt           0x08007a44        0x0
 .iplt          0x08007a44        0x0 C:/ST/STM32CubeIDE_1.18.0/STM32CubeIDE/plugins/com.st.stm32cube.ide.mcu.externaltools.gnu-tools-for-stm32.13.3.rel1.win32_1.0.0.202411081344/tools/bin/../lib/gcc/arm-none-eabi/13.3.1/thumb/v6-m/nofp/crtbegin.o

.rodata         0x08007a44      0x2c4
                0x08007a44                        . = ALIGN (0x4)
 *(.rodata)
 .rodata        0x08007a44      0x134 ./Core/Src/LP5036RJVR_led_driver.o
 .rodata        0x08007b78       0x1b ./Core/Src/main.o
 *fill*         0x08007b93        0x1 
 .rodata        0x08007b94        0xe ./Core/Src/small_motor_DAC.o
 *(.rodata*)
 *fill*         0x08007ba2        0x2 
 .rodata.banks_reg
                0x08007ba4        0x3 ./Core/Src/LP5036RJVR_led_driver.o
                0x08007ba4                banks_reg
 *fill*         0x08007ba7        0x1 
 .rodata.led_brightness_reg
                0x08007ba8        0xc ./Core/Src/LP5036RJVR_led_driver.o
                0x08007ba8                led_brightness_reg
 .rodata.led_count
                0x08007bb4        0x4 ./Core/Src/LP5036RJVR_led_driver.o
                0x08007bb4                led_count
 .rodata.show_error
                0x08007bb8       0x64 ./Core/Src/main.o
 .rodata.sequence
                0x08007c1c       0x10 ./Core/Src/main_motor_driver.o
 .rodata.AHBPrescTable
                0x08007c2c       0x40 ./Core/Src/system_stm32g0xx.o
                0x08007c2c                AHBPrescTable
 .rodata.APBPrescTable
                0x08007c6c       0x20 ./Core/Src/system_stm32g0xx.o
                0x08007c6c                APBPrescTable
 .rodata.HAL_TIM_PWM_ConfigChannel
                0x08007c8c       0x54 ./Drivers/STM32G0xx_HAL_Driver/stm32g0xx_hal_tim.o
 .rodata.UARTPrescTable
                0x08007ce0       0x18 ./Drivers/STM32G0xx_HAL_Driver/stm32g0xx_hal_uart.o
                0x08007ce0                UARTPrescTable
 .rodata.numerator.1
                0x08007cf8        0x8 ./Drivers/STM32G0xx_HAL_Driver/stm32g0xx_hal_uart_ex.o
 .rodata.denominator.0
                0x08007d00        0x8 ./Drivers/STM32G0xx_HAL_Driver/stm32g0xx_hal_uart_ex.o
                0x08007d08                        . = ALIGN (0x4)

.ARM.extab      0x08007d08        0x0
                0x08007d08                        . = ALIGN (0x4)
 *(.ARM.extab* .gnu.linkonce.armextab.*)
                0x08007d08                        . = ALIGN (0x4)

.ARM            0x08007d08        0x0
                0x08007d08                        . = ALIGN (0x4)
                0x08007d08                        __exidx_start = .
 *(.ARM.exidx*)
                0x08007d08                        __exidx_end = .
                0x08007d08                        . = ALIGN (0x4)

.preinit_array  0x08007d08        0x0
                0x08007d08                        . = ALIGN (0x4)
                0x08007d08                        PROVIDE (__preinit_array_start = .)
 *(.preinit_array*)
                0x08007d08                        PROVIDE (__preinit_array_end = .)
                0x08007d08                        . = ALIGN (0x4)

.init_array     0x08007d08        0x4
                0x08007d08                        . = ALIGN (0x4)
                0x08007d08                        PROVIDE (__init_array_start = .)
 *(SORT_BY_NAME(.init_array.*))
 *(.init_array*)
 .init_array    0x08007d08        0x4 C:/ST/STM32CubeIDE_1.18.0/STM32CubeIDE/plugins/com.st.stm32cube.ide.mcu.externaltools.gnu-tools-for-stm32.13.3.rel1.win32_1.0.0.202411081344/tools/bin/../lib/gcc/arm-none-eabi/13.3.1/thumb/v6-m/nofp/crtbegin.o
                0x08007d0c                        PROVIDE (__init_array_end = .)
                0x08007d0c                        . = ALIGN (0x4)

.fini_array     0x08007d0c        0x4
                0x08007d0c                        . = ALIGN (0x4)
                [!provide]                        PROVIDE (__fini_array_start = .)
 *(SORT_BY_NAME(.fini_array.*))
 *(.fini_array*)
 .fini_array    0x08007d0c        0x4 C:/ST/STM32CubeIDE_1.18.0/STM32CubeIDE/plugins/com.st.stm32cube.ide.mcu.externaltools.gnu-tools-for-stm32.13.3.rel1.win32_1.0.0.202411081344/tools/bin/../lib/gcc/arm-none-eabi/13.3.1/thumb/v6-m/nofp/crtbegin.o
                [!provide]                        PROVIDE (__fini_array_end = .)
                0x08007d10                        . = ALIGN (0x4)
                0x08007d10                        _sidata = LOADADDR (.data)

.rel.dyn        0x08007d10        0x0
 .rel.iplt      0x08007d10        0x0 C:/ST/STM32CubeIDE_1.18.0/STM32CubeIDE/plugins/com.st.stm32cube.ide.mcu.externaltools.gnu-tools-for-stm32.13.3.rel1.win32_1.0.0.202411081344/tools/bin/../lib/gcc/arm-none-eabi/13.3.1/thumb/v6-m/nofp/crtbegin.o

.data           0x20000000      0x110 load address 0x08007d10
                0x20000000                        . = ALIGN (0x4)
                0x20000000                        _sdata = .
 *(.data)
 *(.data*)
 .data.leds     0x20000000       0xd0 ./Core/Src/LP5036RJVR_led_driver.o
                0x20000000                leds
 .data.wait_time.12
                0x200000d0        0x4 ./Core/Src/main.o
 .data.wait_time.9
                0x200000d4        0x4 ./Core/Src/main.o
 .data.wait_time.6
                0x200000d8        0x4 ./Core/Src/main.o
 .data.wait_time.3
                0x200000dc        0x4 ./Core/Src/main.o
 .data.wait_time.0
                0x200000e0        0x4 ./Core/Src/main.o
 .data.dac_addresses
                0x200000e4        0x6 ./Core/Src/small_motor_DAC.o
                0x200000e4                dac_addresses
 *fill*         0x200000ea        0x2 
 .data.left_motor
                0x200000ec        0xc ./Core/Src/small_motor_DAC.o
                0x200000ec                left_motor
 .data.right_motor
                0x200000f8        0xc ./Core/Src/small_motor_DAC.o
                0x200000f8                right_motor
 .data.SystemCoreClock
                0x20000104        0x4 ./Core/Src/system_stm32g0xx.o
                0x20000104                SystemCoreClock
 .data.uwTickPrio
                0x20000108        0x4 ./Drivers/STM32G0xx_HAL_Driver/stm32g0xx_hal.o
                0x20000108                uwTickPrio
 .data.uwTickFreq
                0x2000010c        0x1 ./Drivers/STM32G0xx_HAL_Driver/stm32g0xx_hal.o
                0x2000010c                uwTickFreq
 *(.RamFunc)
 *(.RamFunc*)
                0x20000110                        . = ALIGN (0x4)
 *fill*         0x2000010d        0x3 
                0x20000110                        _edata = .

.igot.plt       0x20000110        0x0 load address 0x08007e20
 .igot.plt      0x20000110        0x0 C:/ST/STM32CubeIDE_1.18.0/STM32CubeIDE/plugins/com.st.stm32cube.ide.mcu.externaltools.gnu-tools-for-stm32.13.3.rel1.win32_1.0.0.202411081344/tools/bin/../lib/gcc/arm-none-eabi/13.3.1/thumb/v6-m/nofp/crtbegin.o
                0x20000110                        . = ALIGN (0x4)

.bss            0x20000110     0x4524 load address 0x08007e20
                0x20000110                        _sbss = .
                0x20000110                        __bss_start__ = _sbss
 *(.bss)
 .bss           0x20000110       0x1c C:/ST/STM32CubeIDE_1.18.0/STM32CubeIDE/plugins/com.st.stm32cube.ide.mcu.externaltools.gnu-tools-for-stm32.13.3.rel1.win32_1.0.0.202411081344/tools/bin/../lib/gcc/arm-none-eabi/13.3.1/thumb/v6-m/nofp/crtbegin.o
 *(.bss*)
 .bss.My_LED_Error_code
                0x2000012c        0x4 ./Core/Src/LP5036RJVR_led_driver.o
                0x2000012c                My_LED_Error_code
 .bss.global_offset
                0x20000130        0x1 ./Core/Src/LP5036RJVR_led_driver.o
                0x20000130                global_offset
 *fill*         0x20000131        0x3 
 .bss.data      0x20000134        0x2 ./Core/Src/LP5036RJVR_led_driver.o
                0x20000134                data
 *fill*         0x20000136        0x2 
 .bss.adc_buffer
                0x20000138        0x8 ./Core/Src/adc.o
                0x20000138                adc_buffer
 .bss.my_adcs   0x20000140      0x360 ./Core/Src/adc.o
                0x20000140                my_adcs
 .bss.hadc1     0x200004a0       0x64 ./Core/Src/adc.o
                0x200004a0                hadc1
 .bss.hdma_adc1
                0x20000504       0x5c ./Core/Src/adc.o
                0x20000504                hdma_adc1
 .bss.hcrc      0x20000560       0x24 ./Core/Src/crc.o
                0x20000560                hcrc
 .bss.hi2c1     0x20000584       0x54 ./Core/Src/i2c.o
                0x20000584                hi2c1
 .bss.hi2c2     0x200005d8       0x54 ./Core/Src/i2c.o
                0x200005d8                hi2c2
 .bss.My_Error_code
                0x2000062c        0x4 ./Core/Src/main.o
                0x2000062c                My_Error_code
 .bss.state.14  0x20000630        0x1 ./Core/Src/main.o
 *fill*         0x20000631        0x3 
 .bss.last.13   0x20000634        0x4 ./Core/Src/main.o
 .bss.state.11  0x20000638        0x1 ./Core/Src/main.o
 *fill*         0x20000639        0x3 
 .bss.last.10   0x2000063c        0x4 ./Core/Src/main.o
 .bss.state.8   0x20000640        0x1 ./Core/Src/main.o
 *fill*         0x20000641        0x3 
 .bss.last.7    0x20000644        0x4 ./Core/Src/main.o
 .bss.state.5   0x20000648        0x1 ./Core/Src/main.o
 *fill*         0x20000649        0x3 
 .bss.last.4    0x2000064c        0x4 ./Core/Src/main.o
 .bss.state.2   0x20000650        0x1 ./Core/Src/main.o
 *fill*         0x20000651        0x3 
 .bss.last.1    0x20000654        0x4 ./Core/Src/main.o
 .bss.hrtc      0x20000658       0x2c ./Core/Src/rtc.o
                0x20000658                hrtc
 .bss.tasks     0x20000684     0x3e80 ./Core/Src/tasks.o
                0x20000684                tasks
 .bss.htim6     0x20004504       0x4c ./Core/Src/tim.o
                0x20004504                htim6
 .bss.htim17    0x20004550       0x4c ./Core/Src/tim.o
                0x20004550                htim17
 .bss.huart1    0x2000459c       0x94 ./Core/Src/usart.o
                0x2000459c                huart1
 .bss.uwTick    0x20004630        0x4 ./Drivers/STM32G0xx_HAL_Driver/stm32g0xx_hal.o
                0x20004630                uwTick
 *(COMMON)
                0x20004634                        . = ALIGN (0x4)
                0x20004634                        _ebss = .
                0x20004634                        __bss_end__ = _ebss

._user_heap_stack
                0x20004634      0x604 load address 0x08007e20
                0x20004638                        . = ALIGN (0x8)
 *fill*         0x20004634        0x4 
                [!provide]                        PROVIDE (end = .)
                0x20004638                        PROVIDE (_end = .)
                0x20004838                        . = (. + _Min_Heap_Size)
 *fill*         0x20004638      0x200 
                0x20004c38                        . = (. + _Min_Stack_Size)
 *fill*         0x20004838      0x400 
                0x20004c38                        . = ALIGN (0x8)

/DISCARD/
 libc.a(*)
 libm.a(*)
 libgcc.a(*)

.ARM.attributes
                0x00000000       0x28
 *(.ARM.attributes)
 .ARM.attributes
                0x00000000       0x1e C:/ST/STM32CubeIDE_1.18.0/STM32CubeIDE/plugins/com.st.stm32cube.ide.mcu.externaltools.gnu-tools-for-stm32.13.3.rel1.win32_1.0.0.202411081344/tools/bin/../lib/gcc/arm-none-eabi/13.3.1/thumb/v6-m/nofp/crti.o
 .ARM.attributes
                0x0000001e       0x2c C:/ST/STM32CubeIDE_1.18.0/STM32CubeIDE/plugins/com.st.stm32cube.ide.mcu.externaltools.gnu-tools-for-stm32.13.3.rel1.win32_1.0.0.202411081344/tools/bin/../lib/gcc/arm-none-eabi/13.3.1/thumb/v6-m/nofp/crtbegin.o
 .ARM.attributes
                0x0000004a       0x2c ./Core/Src/LP5036RJVR_led_driver.o
 .ARM.attributes
                0x00000076       0x2c ./Core/Src/adc.o
 .ARM.attributes
                0x000000a2       0x2c ./Core/Src/crc.o
 .ARM.attributes
                0x000000ce       0x2c ./Core/Src/dma.o
 .ARM.attributes
                0x000000fa       0x2c ./Core/Src/gpio.o
 .ARM.attributes
                0x00000126       0x2c ./Core/Src/i2c.o
 .ARM.attributes
                0x00000152       0x2c ./Core/Src/main.o
 .ARM.attributes
                0x0000017e       0x2c ./Core/Src/main_motor_driver.o
 .ARM.attributes
                0x000001aa       0x2c ./Core/Src/rtc.o
 .ARM.attributes
                0x000001d6       0x2c ./Core/Src/small_motor_DAC.o
 .ARM.attributes
                0x00000202       0x2c ./Core/Src/stm32g0xx_hal_msp.o
 .ARM.attributes
                0x0000022e       0x2c ./Core/Src/stm32g0xx_it.o
 .ARM.attributes
                0x0000025a       0x2c ./Core/Src/system_stm32g0xx.o
 .ARM.attributes
                0x00000286       0x2c ./Core/Src/tasks.o
 .ARM.attributes
                0x000002b2       0x2c ./Core/Src/tim.o
 .ARM.attributes
                0x000002de       0x2c ./Core/Src/usart.o
 .ARM.attributes
                0x0000030a       0x22 ./Core/Startup/startup_stm32g070rbtx.o
 .ARM.attributes
                0x0000032c       0x2c ./Drivers/STM32G0xx_HAL_Driver/stm32g0xx_hal.o
 .ARM.attributes
                0x00000358       0x2c ./Drivers/STM32G0xx_HAL_Driver/stm32g0xx_hal_adc.o
 .ARM.attributes
                0x00000384       0x2c ./Drivers/STM32G0xx_HAL_Driver/stm32g0xx_hal_cortex.o
 .ARM.attributes
                0x000003b0       0x2c ./Drivers/STM32G0xx_HAL_Driver/stm32g0xx_hal_crc.o
 .ARM.attributes
                0x000003dc       0x2c ./Drivers/STM32G0xx_HAL_Driver/stm32g0xx_hal_crc_ex.o
 .ARM.attributes
                0x00000408       0x2c ./Drivers/STM32G0xx_HAL_Driver/stm32g0xx_hal_dma.o
 .ARM.attributes
                0x00000434       0x2c ./Drivers/STM32G0xx_HAL_Driver/stm32g0xx_hal_gpio.o
 .ARM.attributes
                0x00000460       0x2c ./Drivers/STM32G0xx_HAL_Driver/stm32g0xx_hal_i2c.o
 .ARM.attributes
                0x0000048c       0x2c ./Drivers/STM32G0xx_HAL_Driver/stm32g0xx_hal_i2c_ex.o
 .ARM.attributes
                0x000004b8       0x2c ./Drivers/STM32G0xx_HAL_Driver/stm32g0xx_hal_pwr.o
 .ARM.attributes
                0x000004e4       0x2c ./Drivers/STM32G0xx_HAL_Driver/stm32g0xx_hal_pwr_ex.o
 .ARM.attributes
                0x00000510       0x2c ./Drivers/STM32G0xx_HAL_Driver/stm32g0xx_hal_rcc.o
 .ARM.attributes
                0x0000053c       0x2c ./Drivers/STM32G0xx_HAL_Driver/stm32g0xx_hal_rcc_ex.o
 .ARM.attributes
                0x00000568       0x2c ./Drivers/STM32G0xx_HAL_Driver/stm32g0xx_hal_rtc.o
 .ARM.attributes
                0x00000594       0x2c ./Drivers/STM32G0xx_HAL_Driver/stm32g0xx_hal_tim.o
 .ARM.attributes
                0x000005c0       0x2c ./Drivers/STM32G0xx_HAL_Driver/stm32g0xx_hal_tim_ex.o
 .ARM.attributes
                0x000005ec       0x2c ./Drivers/STM32G0xx_HAL_Driver/stm32g0xx_hal_uart.o
 .ARM.attributes
                0x00000618       0x2c ./Drivers/STM32G0xx_HAL_Driver/stm32g0xx_hal_uart_ex.o
 .ARM.attributes
                0x00000644       0x2c C:/ST/STM32CubeIDE_1.18.0/STM32CubeIDE/plugins/com.st.stm32cube.ide.mcu.externaltools.gnu-tools-for-stm32.13.3.rel1.win32_1.0.0.202411081344/tools/bin/../lib/gcc/arm-none-eabi/13.3.1/../../../../arm-none-eabi/lib/thumb/v6-m/nofp\libc_nano.a(libc_a-memset.o)
 .ARM.attributes
                0x00000670       0x2c C:/ST/STM32CubeIDE_1.18.0/STM32CubeIDE/plugins/com.st.stm32cube.ide.mcu.externaltools.gnu-tools-for-stm32.13.3.rel1.win32_1.0.0.202411081344/tools/bin/../lib/gcc/arm-none-eabi/13.3.1/../../../../arm-none-eabi/lib/thumb/v6-m/nofp\libc_nano.a(libc_a-init.o)
 .ARM.attributes
                0x0000069c       0x1c C:/ST/STM32CubeIDE_1.18.0/STM32CubeIDE/plugins/com.st.stm32cube.ide.mcu.externaltools.gnu-tools-for-stm32.13.3.rel1.win32_1.0.0.202411081344/tools/bin/../lib/gcc/arm-none-eabi/13.3.1/../../../../arm-none-eabi/lib/thumb/v6-m/nofp\libc_nano.a(libc_a-strcmp.o)
 .ARM.attributes
                0x000006b8       0x1e C:/ST/STM32CubeIDE_1.18.0/STM32CubeIDE/plugins/com.st.stm32cube.ide.mcu.externaltools.gnu-tools-for-stm32.13.3.rel1.win32_1.0.0.202411081344/tools/bin/../lib/gcc/arm-none-eabi/13.3.1/thumb/v6-m/nofp\libgcc.a(_udivsi3.o)
 .ARM.attributes
                0x000006d6       0x1e C:/ST/STM32CubeIDE_1.18.0/STM32CubeIDE/plugins/com.st.stm32cube.ide.mcu.externaltools.gnu-tools-for-stm32.13.3.rel1.win32_1.0.0.202411081344/tools/bin/../lib/gcc/arm-none-eabi/13.3.1/thumb/v6-m/nofp\libgcc.a(_divsi3.o)
 .ARM.attributes
                0x000006f4       0x1e C:/ST/STM32CubeIDE_1.18.0/STM32CubeIDE/plugins/com.st.stm32cube.ide.mcu.externaltools.gnu-tools-for-stm32.13.3.rel1.win32_1.0.0.202411081344/tools/bin/../lib/gcc/arm-none-eabi/13.3.1/thumb/v6-m/nofp\libgcc.a(_dvmd_tls.o)
 .ARM.attributes
                0x00000712       0x1e C:/ST/STM32CubeIDE_1.18.0/STM32CubeIDE/plugins/com.st.stm32cube.ide.mcu.externaltools.gnu-tools-for-stm32.13.3.rel1.win32_1.0.0.202411081344/tools/bin/../lib/gcc/arm-none-eabi/13.3.1/thumb/v6-m/nofp/crtn.o
OUTPUT(cluster_clock2.elf elf32-littlearm)
LOAD linker stubs
LOAD C:/ST/STM32CubeIDE_1.18.0/STM32CubeIDE/plugins/com.st.stm32cube.ide.mcu.externaltools.gnu-tools-for-stm32.13.3.rel1.win32_1.0.0.202411081344/tools/bin/../lib/gcc/arm-none-eabi/13.3.1/../../../../arm-none-eabi/lib/thumb/v6-m/nofp\libc.a
LOAD C:/ST/STM32CubeIDE_1.18.0/STM32CubeIDE/plugins/com.st.stm32cube.ide.mcu.externaltools.gnu-tools-for-stm32.13.3.rel1.win32_1.0.0.202411081344/tools/bin/../lib/gcc/arm-none-eabi/13.3.1/../../../../arm-none-eabi/lib/thumb/v6-m/nofp\libm.a
LOAD C:/ST/STM32CubeIDE_1.18.0/STM32CubeIDE/plugins/com.st.stm32cube.ide.mcu.externaltools.gnu-tools-for-stm32.13.3.rel1.win32_1.0.0.202411081344/tools/bin/../lib/gcc/arm-none-eabi/13.3.1/thumb/v6-m/nofp\libgcc.a

.debug_info     0x00000000    0x1b082
 .debug_info    0x00000000      0xf50 ./Core/Src/LP5036RJVR_led_driver.o
 .debug_info    0x00000f50      0xd8f ./Core/Src/adc.o
 .debug_info    0x00001cdf      0x47e ./Core/Src/crc.o
 .debug_info    0x0000215d      0x34d ./Core/Src/dma.o
 .debug_info    0x000024aa      0x431 ./Core/Src/gpio.o
 .debug_info    0x000028db      0xb61 ./Core/Src/i2c.o
 .debug_info    0x0000343c     0x13b0 ./Core/Src/main.o
 .debug_info    0x000047ec      0x34c ./Core/Src/main_motor_driver.o
 .debug_info    0x00004b38      0x735 ./Core/Src/rtc.o
 .debug_info    0x0000526d      0x891 ./Core/Src/small_motor_DAC.o
 .debug_info    0x00005afe      0x265 ./Core/Src/stm32g0xx_hal_msp.o
 .debug_info    0x00005d63      0x44a ./Core/Src/stm32g0xx_it.o
 .debug_info    0x000061ad      0x316 ./Core/Src/system_stm32g0xx.o
 .debug_info    0x000064c3      0x299 ./Core/Src/tasks.o
 .debug_info    0x0000675c      0xeb0 ./Core/Src/tim.o
 .debug_info    0x0000760c      0xc01 ./Core/Src/usart.o
 .debug_info    0x0000820d       0x30 ./Core/Startup/startup_stm32g070rbtx.o
 .debug_info    0x0000823d      0x8ef ./Drivers/STM32G0xx_HAL_Driver/stm32g0xx_hal.o
 .debug_info    0x00008b2c     0x155e ./Drivers/STM32G0xx_HAL_Driver/stm32g0xx_hal_adc.o
 .debug_info    0x0000a08a      0x8c1 ./Drivers/STM32G0xx_HAL_Driver/stm32g0xx_hal_cortex.o
 .debug_info    0x0000a94b      0x548 ./Drivers/STM32G0xx_HAL_Driver/stm32g0xx_hal_crc.o
 .debug_info    0x0000ae93      0x35b ./Drivers/STM32G0xx_HAL_Driver/stm32g0xx_hal_crc_ex.o
 .debug_info    0x0000b1ee      0x86b ./Drivers/STM32G0xx_HAL_Driver/stm32g0xx_hal_dma.o
 .debug_info    0x0000ba59      0x59d ./Drivers/STM32G0xx_HAL_Driver/stm32g0xx_hal_gpio.o
 .debug_info    0x0000bff6     0x21bc ./Drivers/STM32G0xx_HAL_Driver/stm32g0xx_hal_i2c.o
 .debug_info    0x0000e1b2      0x9d9 ./Drivers/STM32G0xx_HAL_Driver/stm32g0xx_hal_i2c_ex.o
 .debug_info    0x0000eb8b      0x5aa ./Drivers/STM32G0xx_HAL_Driver/stm32g0xx_hal_pwr.o
 .debug_info    0x0000f135      0x496 ./Drivers/STM32G0xx_HAL_Driver/stm32g0xx_hal_pwr_ex.o
 .debug_info    0x0000f5cb      0xad4 ./Drivers/STM32G0xx_HAL_Driver/stm32g0xx_hal_rcc.o
 .debug_info    0x0001009f      0x737 ./Drivers/STM32G0xx_HAL_Driver/stm32g0xx_hal_rcc_ex.o
 .debug_info    0x000107d6      0xc7c ./Drivers/STM32G0xx_HAL_Driver/stm32g0xx_hal_rtc.o
 .debug_info    0x00011452     0x2ba7 ./Drivers/STM32G0xx_HAL_Driver/stm32g0xx_hal_tim.o
 .debug_info    0x00013ff9     0x18b8 ./Drivers/STM32G0xx_HAL_Driver/stm32g0xx_hal_tim_ex.o
 .debug_info    0x000158b1     0x483c ./Drivers/STM32G0xx_HAL_Driver/stm32g0xx_hal_uart.o
 .debug_info    0x0001a0ed      0xf95 ./Drivers/STM32G0xx_HAL_Driver/stm32g0xx_hal_uart_ex.o

.debug_abbrev   0x00000000     0x459f
 .debug_abbrev  0x00000000      0x2b2 ./Core/Src/LP5036RJVR_led_driver.o
 .debug_abbrev  0x000002b2      0x26d ./Core/Src/adc.o
 .debug_abbrev  0x0000051f      0x1b1 ./Core/Src/crc.o
 .debug_abbrev  0x000006d0      0x115 ./Core/Src/dma.o
 .debug_abbrev  0x000007e5      0x158 ./Core/Src/gpio.o
 .debug_abbrev  0x0000093d      0x222 ./Core/Src/i2c.o
 .debug_abbrev  0x00000b5f      0x36f ./Core/Src/main.o
 .debug_abbrev  0x00000ece      0x18e ./Core/Src/main_motor_driver.o
 .debug_abbrev  0x0000105c      0x1bc ./Core/Src/rtc.o
 .debug_abbrev  0x00001218      0x20a ./Core/Src/small_motor_DAC.o
 .debug_abbrev  0x00001422       0xdd ./Core/Src/stm32g0xx_hal_msp.o
 .debug_abbrev  0x000014ff      0x161 ./Core/Src/stm32g0xx_it.o
 .debug_abbrev  0x00001660      0x119 ./Core/Src/system_stm32g0xx.o
 .debug_abbrev  0x00001779      0x163 ./Core/Src/tasks.o
 .debug_abbrev  0x000018dc      0x22b ./Core/Src/tim.o
 .debug_abbrev  0x00001b07      0x20e ./Core/Src/usart.o
 .debug_abbrev  0x00001d15       0x24 ./Core/Startup/startup_stm32g070rbtx.o
 .debug_abbrev  0x00001d39      0x2b4 ./Drivers/STM32G0xx_HAL_Driver/stm32g0xx_hal.o
 .debug_abbrev  0x00001fed      0x267 ./Drivers/STM32G0xx_HAL_Driver/stm32g0xx_hal_adc.o
 .debug_abbrev  0x00002254      0x2ab ./Drivers/STM32G0xx_HAL_Driver/stm32g0xx_hal_cortex.o
 .debug_abbrev  0x000024ff      0x1de ./Drivers/STM32G0xx_HAL_Driver/stm32g0xx_hal_crc.o
 .debug_abbrev  0x000026dd      0x137 ./Drivers/STM32G0xx_HAL_Driver/stm32g0xx_hal_crc_ex.o
 .debug_abbrev  0x00002814      0x1e1 ./Drivers/STM32G0xx_HAL_Driver/stm32g0xx_hal_dma.o
 .debug_abbrev  0x000029f5      0x1c3 ./Drivers/STM32G0xx_HAL_Driver/stm32g0xx_hal_gpio.o
 .debug_abbrev  0x00002bb8      0x291 ./Drivers/STM32G0xx_HAL_Driver/stm32g0xx_hal_i2c.o
 .debug_abbrev  0x00002e49      0x1ea ./Drivers/STM32G0xx_HAL_Driver/stm32g0xx_hal_i2c_ex.o
 .debug_abbrev  0x00003033      0x172 ./Drivers/STM32G0xx_HAL_Driver/stm32g0xx_hal_pwr.o
 .debug_abbrev  0x000031a5      0x1d7 ./Drivers/STM32G0xx_HAL_Driver/stm32g0xx_hal_pwr_ex.o
 .debug_abbrev  0x0000337c      0x2a9 ./Drivers/STM32G0xx_HAL_Driver/stm32g0xx_hal_rcc.o
 .debug_abbrev  0x00003625      0x229 ./Drivers/STM32G0xx_HAL_Driver/stm32g0xx_hal_rcc_ex.o
 .debug_abbrev  0x0000384e      0x200 ./Drivers/STM32G0xx_HAL_Driver/stm32g0xx_hal_rtc.o
 .debug_abbrev  0x00003a4e      0x29b ./Drivers/STM32G0xx_HAL_Driver/stm32g0xx_hal_tim.o
 .debug_abbrev  0x00003ce9      0x2ab ./Drivers/STM32G0xx_HAL_Driver/stm32g0xx_hal_tim_ex.o
 .debug_abbrev  0x00003f94      0x326 ./Drivers/STM32G0xx_HAL_Driver/stm32g0xx_hal_uart.o
 .debug_abbrev  0x000042ba      0x2e5 ./Drivers/STM32G0xx_HAL_Driver/stm32g0xx_hal_uart_ex.o

.debug_aranges  0x00000000     0x1720
 .debug_aranges
                0x00000000       0x48 ./Core/Src/LP5036RJVR_led_driver.o
 .debug_aranges
                0x00000048       0x40 ./Core/Src/adc.o
 .debug_aranges
                0x00000088       0x30 ./Core/Src/crc.o
 .debug_aranges
                0x000000b8       0x20 ./Core/Src/dma.o
 .debug_aranges
                0x000000d8       0x20 ./Core/Src/gpio.o
 .debug_aranges
                0x000000f8       0x38 ./Core/Src/i2c.o
 .debug_aranges
                0x00000130       0x80 ./Core/Src/main.o
 .debug_aranges
                0x000001b0       0x38 ./Core/Src/main_motor_driver.o
 .debug_aranges
                0x000001e8       0x30 ./Core/Src/rtc.o
 .debug_aranges
                0x00000218       0x28 ./Core/Src/small_motor_DAC.o
 .debug_aranges
                0x00000240       0x20 ./Core/Src/stm32g0xx_hal_msp.o
 .debug_aranges
                0x00000260       0x48 ./Core/Src/stm32g0xx_it.o
 .debug_aranges
                0x000002a8       0x28 ./Core/Src/system_stm32g0xx.o
 .debug_aranges
                0x000002d0       0x40 ./Core/Src/tasks.o
 .debug_aranges
                0x00000310       0x40 ./Core/Src/tim.o
 .debug_aranges
                0x00000350       0x30 ./Core/Src/usart.o
 .debug_aranges
                0x00000380       0x28 ./Core/Startup/startup_stm32g070rbtx.o
 .debug_aranges
                0x000003a8       0xf8 ./Drivers/STM32G0xx_HAL_Driver/stm32g0xx_hal.o
 .debug_aranges
                0x000004a0      0x1f0 ./Drivers/STM32G0xx_HAL_Driver/stm32g0xx_hal_adc.o
 .debug_aranges
                0x00000690       0xe8 ./Drivers/STM32G0xx_HAL_Driver/stm32g0xx_hal_cortex.o
 .debug_aranges
                0x00000778       0x60 ./Drivers/STM32G0xx_HAL_Driver/stm32g0xx_hal_crc.o
 .debug_aranges
                0x000007d8       0x30 ./Drivers/STM32G0xx_HAL_Driver/stm32g0xx_hal_crc_ex.o
 .debug_aranges
                0x00000808       0x90 ./Drivers/STM32G0xx_HAL_Driver/stm32g0xx_hal_dma.o
 .debug_aranges
                0x00000898       0x60 ./Drivers/STM32G0xx_HAL_Driver/stm32g0xx_hal_gpio.o
 .debug_aranges
                0x000008f8      0x2a0 ./Drivers/STM32G0xx_HAL_Driver/stm32g0xx_hal_i2c.o
 .debug_aranges
                0x00000b98       0x48 ./Drivers/STM32G0xx_HAL_Driver/stm32g0xx_hal_i2c_ex.o
 .debug_aranges
                0x00000be0       0x78 ./Drivers/STM32G0xx_HAL_Driver/stm32g0xx_hal_pwr.o
 .debug_aranges
                0x00000c58       0x98 ./Drivers/STM32G0xx_HAL_Driver/stm32g0xx_hal_pwr_ex.o
 .debug_aranges
                0x00000cf0       0xa0 ./Drivers/STM32G0xx_HAL_Driver/stm32g0xx_hal_rcc.o
 .debug_aranges
                0x00000d90       0x40 ./Drivers/STM32G0xx_HAL_Driver/stm32g0xx_hal_rcc_ex.o
 .debug_aranges
                0x00000dd0       0xe8 ./Drivers/STM32G0xx_HAL_Driver/stm32g0xx_hal_rtc.o
 .debug_aranges
                0x00000eb8      0x3e0 ./Drivers/STM32G0xx_HAL_Driver/stm32g0xx_hal_tim.o
 .debug_aranges
                0x00001298      0x198 ./Drivers/STM32G0xx_HAL_Driver/stm32g0xx_hal_tim_ex.o
 .debug_aranges
                0x00001430      0x248 ./Drivers/STM32G0xx_HAL_Driver/stm32g0xx_hal_uart.o
 .debug_aranges
                0x00001678       0xa8 ./Drivers/STM32G0xx_HAL_Driver/stm32g0xx_hal_uart_ex.o

.debug_rnglists
                0x00000000     0x11f9
 .debug_rnglists
                0x00000000       0x34 ./Core/Src/LP5036RJVR_led_driver.o
 .debug_rnglists
                0x00000034       0x2f ./Core/Src/adc.o
 .debug_rnglists
                0x00000063       0x1f ./Core/Src/crc.o
 .debug_rnglists
                0x00000082       0x13 ./Core/Src/dma.o
 .debug_rnglists
                0x00000095       0x14 ./Core/Src/gpio.o
 .debug_rnglists
                0x000000a9       0x28 ./Core/Src/i2c.o
 .debug_rnglists
                0x000000d1       0x66 ./Core/Src/main.o
 .debug_rnglists
                0x00000137       0x26 ./Core/Src/main_motor_driver.o
 .debug_rnglists
                0x0000015d       0x20 ./Core/Src/rtc.o
 .debug_rnglists
                0x0000017d       0x1a ./Core/Src/small_motor_DAC.o
 .debug_rnglists
                0x00000197       0x13 ./Core/Src/stm32g0xx_hal_msp.o
 .debug_rnglists
                0x000001aa       0x31 ./Core/Src/stm32g0xx_it.o
 .debug_rnglists
                0x000001db       0x1a ./Core/Src/system_stm32g0xx.o
 .debug_rnglists
                0x000001f5       0x2c ./Core/Src/tasks.o
 .debug_rnglists
                0x00000221       0x2c ./Core/Src/tim.o
 .debug_rnglists
                0x0000024d       0x21 ./Core/Src/usart.o
 .debug_rnglists
                0x0000026e       0x19 ./Core/Startup/startup_stm32g070rbtx.o
 .debug_rnglists
                0x00000287       0xb6 ./Drivers/STM32G0xx_HAL_Driver/stm32g0xx_hal.o
 .debug_rnglists
                0x0000033d      0x17f ./Drivers/STM32G0xx_HAL_Driver/stm32g0xx_hal_adc.o
 .debug_rnglists
                0x000004bc       0xaa ./Drivers/STM32G0xx_HAL_Driver/stm32g0xx_hal_cortex.o
 .debug_rnglists
                0x00000566       0x47 ./Drivers/STM32G0xx_HAL_Driver/stm32g0xx_hal_crc.o
 .debug_rnglists
                0x000005ad       0x20 ./Drivers/STM32G0xx_HAL_Driver/stm32g0xx_hal_crc_ex.o
 .debug_rnglists
                0x000005cd       0x72 ./Drivers/STM32G0xx_HAL_Driver/stm32g0xx_hal_dma.o
 .debug_rnglists
                0x0000063f       0x45 ./Drivers/STM32G0xx_HAL_Driver/stm32g0xx_hal_gpio.o
 .debug_rnglists
                0x00000684      0x229 ./Drivers/STM32G0xx_HAL_Driver/stm32g0xx_hal_i2c.o
 .debug_rnglists
                0x000008ad       0x35 ./Drivers/STM32G0xx_HAL_Driver/stm32g0xx_hal_i2c_ex.o
 .debug_rnglists
                0x000008e2       0x55 ./Drivers/STM32G0xx_HAL_Driver/stm32g0xx_hal_pwr.o
 .debug_rnglists
                0x00000937       0x72 ./Drivers/STM32G0xx_HAL_Driver/stm32g0xx_hal_pwr_ex.o
 .debug_rnglists
                0x000009a9       0x79 ./Drivers/STM32G0xx_HAL_Driver/stm32g0xx_hal_rcc.o
 .debug_rnglists
                0x00000a22       0x2f ./Drivers/STM32G0xx_HAL_Driver/stm32g0xx_hal_rcc_ex.o
 .debug_rnglists
                0x00000a51       0xb5 ./Drivers/STM32G0xx_HAL_Driver/stm32g0xx_hal_rtc.o
 .debug_rnglists
                0x00000b06      0x32a ./Drivers/STM32G0xx_HAL_Driver/stm32g0xx_hal_tim.o
 .debug_rnglists
                0x00000e30      0x14e ./Drivers/STM32G0xx_HAL_Driver/stm32g0xx_hal_tim_ex.o
 .debug_rnglists
                0x00000f7e      0x1fb ./Drivers/STM32G0xx_HAL_Driver/stm32g0xx_hal_uart.o
 .debug_rnglists
                0x00001179       0x80 ./Drivers/STM32G0xx_HAL_Driver/stm32g0xx_hal_uart_ex.o

.debug_macro    0x00000000    0x1b732
 .debug_macro   0x00000000      0x361 ./Core/Src/LP5036RJVR_led_driver.o
 .debug_macro   0x00000361      0xab4 ./Core/Src/LP5036RJVR_led_driver.o
 .debug_macro   0x00000e15      0x135 ./Core/Src/LP5036RJVR_led_driver.o
 .debug_macro   0x00000f4a       0x2e ./Core/Src/LP5036RJVR_led_driver.o
 .debug_macro   0x00000f78       0x28 ./Core/Src/LP5036RJVR_led_driver.o
 .debug_macro   0x00000fa0       0x22 ./Core/Src/LP5036RJVR_led_driver.o
 .debug_macro   0x00000fc2       0x8e ./Core/Src/LP5036RJVR_led_driver.o
 .debug_macro   0x00001050       0x51 ./Core/Src/LP5036RJVR_led_driver.o
 .debug_macro   0x000010a1      0x103 ./Core/Src/LP5036RJVR_led_driver.o
 .debug_macro   0x000011a4       0x6a ./Core/Src/LP5036RJVR_led_driver.o
 .debug_macro   0x0000120e      0x1df ./Core/Src/LP5036RJVR_led_driver.o
 .debug_macro   0x000013ed       0x1c ./Core/Src/LP5036RJVR_led_driver.o
 .debug_macro   0x00001409       0x22 ./Core/Src/LP5036RJVR_led_driver.o
 .debug_macro   0x0000142b       0xd1 ./Core/Src/LP5036RJVR_led_driver.o
 .debug_macro   0x000014fc      0x4da ./Core/Src/LP5036RJVR_led_driver.o
 .debug_macro   0x000019d6      0x11f ./Core/Src/LP5036RJVR_led_driver.o
 .debug_macro   0x00001af5     0xa701 ./Core/Src/LP5036RJVR_led_driver.o
 .debug_macro   0x0000c1f6       0x66 ./Core/Src/LP5036RJVR_led_driver.o
 .debug_macro   0x0000c25c     0x350e ./Core/Src/LP5036RJVR_led_driver.o
 .debug_macro   0x0000f76a      0x190 ./Core/Src/LP5036RJVR_led_driver.o
 .debug_macro   0x0000f8fa       0x5c ./Core/Src/LP5036RJVR_led_driver.o
 .debug_macro   0x0000f956      0x485 ./Core/Src/LP5036RJVR_led_driver.o
 .debug_macro   0x0000fddb      0xeb4 ./Core/Src/LP5036RJVR_led_driver.o
 .debug_macro   0x00010c8f      0x13e ./Core/Src/LP5036RJVR_led_driver.o
 .debug_macro   0x00010dcd      0x1cf ./Core/Src/LP5036RJVR_led_driver.o
 .debug_macro   0x00010f9c      0x13e ./Core/Src/LP5036RJVR_led_driver.o
 .debug_macro   0x000110da      0x3a8 ./Core/Src/LP5036RJVR_led_driver.o
 .debug_macro   0x00011482      0x280 ./Core/Src/LP5036RJVR_led_driver.o
 .debug_macro   0x00011702      0x345 ./Core/Src/LP5036RJVR_led_driver.o
 .debug_macro   0x00011a47      0x198 ./Core/Src/LP5036RJVR_led_driver.o
 .debug_macro   0x00011bdf       0x43 ./Core/Src/LP5036RJVR_led_driver.o
 .debug_macro   0x00011c22      0x1f1 ./Core/Src/LP5036RJVR_led_driver.o
 .debug_macro   0x00011e13      0x8af ./Core/Src/LP5036RJVR_led_driver.o
 .debug_macro   0x000126c2      0x5bb ./Core/Src/LP5036RJVR_led_driver.o
 .debug_macro   0x00012c7d       0x2e ./Core/Src/LP5036RJVR_led_driver.o
 .debug_macro   0x00012cab       0xc7 ./Core/Src/LP5036RJVR_led_driver.o
 .debug_macro   0x00012d72       0x4c ./Core/Src/LP5036RJVR_led_driver.o
 .debug_macro   0x00012dbe      0x1d6 ./Core/Src/LP5036RJVR_led_driver.o
 .debug_macro   0x00012f94      0x2a3 ./Core/Src/LP5036RJVR_led_driver.o
 .debug_macro   0x00013237       0x28 ./Core/Src/LP5036RJVR_led_driver.o
 .debug_macro   0x0001325f       0xcf ./Core/Src/LP5036RJVR_led_driver.o
 .debug_macro   0x0001332e      0x22c ./Core/Src/LP5036RJVR_led_driver.o
 .debug_macro   0x0001355a       0x67 ./Core/Src/LP5036RJVR_led_driver.o
 .debug_macro   0x000135c1       0xa5 ./Core/Src/LP5036RJVR_led_driver.o
 .debug_macro   0x00013666      0x118 ./Core/Src/LP5036RJVR_led_driver.o
 .debug_macro   0x0001377e      0x10d ./Core/Src/LP5036RJVR_led_driver.o
 .debug_macro   0x0001388b      0x328 ./Core/Src/LP5036RJVR_led_driver.o
 .debug_macro   0x00013bb3      0x432 ./Core/Src/LP5036RJVR_led_driver.o
 .debug_macro   0x00013fe5       0xf2 ./Core/Src/LP5036RJVR_led_driver.o
 .debug_macro   0x000140d7      0xac2 ./Core/Src/LP5036RJVR_led_driver.o
 .debug_macro   0x00014b99      0x124 ./Core/Src/LP5036RJVR_led_driver.o
 .debug_macro   0x00014cbd      0x693 ./Core/Src/LP5036RJVR_led_driver.o
 .debug_macro   0x00015350       0xa6 ./Core/Src/LP5036RJVR_led_driver.o
 .debug_macro   0x000153f6      0x43d ./Core/Src/LP5036RJVR_led_driver.o
 .debug_macro   0x00015833       0xf4 ./Core/Src/LP5036RJVR_led_driver.o
 .debug_macro   0x00015927       0xa0 ./Core/Src/LP5036RJVR_led_driver.o
 .debug_macro   0x000159c7       0x61 ./Core/Src/LP5036RJVR_led_driver.o
 .debug_macro   0x00015a28       0x24 ./Core/Src/LP5036RJVR_led_driver.o
 .debug_macro   0x00015a4c       0x43 ./Core/Src/LP5036RJVR_led_driver.o
 .debug_macro   0x00015a8f       0x34 ./Core/Src/LP5036RJVR_led_driver.o
 .debug_macro   0x00015ac3      0x370 ./Core/Src/LP5036RJVR_led_driver.o
 .debug_macro   0x00015e33       0x16 ./Core/Src/LP5036RJVR_led_driver.o
 .debug_macro   0x00015e49       0x4a ./Core/Src/LP5036RJVR_led_driver.o
 .debug_macro   0x00015e93       0x34 ./Core/Src/LP5036RJVR_led_driver.o
 .debug_macro   0x00015ec7       0x10 ./Core/Src/LP5036RJVR_led_driver.o
 .debug_macro   0x00015ed7       0x58 ./Core/Src/LP5036RJVR_led_driver.o
 .debug_macro   0x00015f2f       0x8e ./Core/Src/LP5036RJVR_led_driver.o
 .debug_macro   0x00015fbd       0x1c ./Core/Src/LP5036RJVR_led_driver.o
 .debug_macro   0x00015fd9      0x185 ./Core/Src/LP5036RJVR_led_driver.o
 .debug_macro   0x0001615e       0x10 ./Core/Src/LP5036RJVR_led_driver.o
 .debug_macro   0x0001616e       0x3c ./Core/Src/LP5036RJVR_led_driver.o
 .debug_macro   0x000161aa       0x20 ./Core/Src/LP5036RJVR_led_driver.o
 .debug_macro   0x000161ca      0x26b ./Core/Src/adc.o
 .debug_macro   0x00016435       0x40 ./Core/Src/adc.o
 .debug_macro   0x00016475      0x266 ./Core/Src/crc.o
 .debug_macro   0x000166db      0x266 ./Core/Src/dma.o
 .debug_macro   0x00016941      0x266 ./Core/Src/gpio.o
 .debug_macro   0x00016ba7      0x266 ./Core/Src/i2c.o
 .debug_macro   0x00016e0d      0x3e7 ./Core/Src/main.o
 .debug_macro   0x000171f4       0xa6 ./Core/Src/main.o
 .debug_macro   0x0001729a       0x1c ./Core/Src/main.o
 .debug_macro   0x000172b6       0x10 ./Core/Src/main.o
 .debug_macro   0x000172c6       0x1c ./Core/Src/main.o
 .debug_macro   0x000172e2       0x16 ./Core/Src/main.o
 .debug_macro   0x000172f8      0x146 ./Core/Src/main.o
 .debug_macro   0x0001743e       0x22 ./Core/Src/main.o
 .debug_macro   0x00017460      0x332 ./Core/Src/main_motor_driver.o
 .debug_macro   0x00017792       0xfa ./Core/Src/main_motor_driver.o
 .debug_macro   0x0001788c       0x16 ./Core/Src/main_motor_driver.o
 .debug_macro   0x000178a2       0x16 ./Core/Src/main_motor_driver.o
 .debug_macro   0x000178b8       0x29 ./Core/Src/main_motor_driver.o
 .debug_macro   0x000178e1      0x266 ./Core/Src/rtc.o
 .debug_macro   0x00017b47      0x26f ./Core/Src/small_motor_DAC.o
 .debug_macro   0x00017db6      0x25c ./Core/Src/stm32g0xx_hal_msp.o
 .debug_macro   0x00018012      0x266 ./Core/Src/stm32g0xx_it.o
 .debug_macro   0x00018278      0x24d ./Core/Src/system_stm32g0xx.o
 .debug_macro   0x000184c5      0x270 ./Core/Src/tasks.o
 .debug_macro   0x00018735      0x266 ./Core/Src/tim.o
 .debug_macro   0x0001899b      0x266 ./Core/Src/usart.o
 .debug_macro   0x00018c01      0x26b ./Drivers/STM32G0xx_HAL_Driver/stm32g0xx_hal.o
 .debug_macro   0x00018e6c      0x271 ./Drivers/STM32G0xx_HAL_Driver/stm32g0xx_hal_adc.o
 .debug_macro   0x000190dd      0x24d ./Drivers/STM32G0xx_HAL_Driver/stm32g0xx_hal_cortex.o
 .debug_macro   0x0001932a      0x24d ./Drivers/STM32G0xx_HAL_Driver/stm32g0xx_hal_crc.o
 .debug_macro   0x00019577      0x24d ./Drivers/STM32G0xx_HAL_Driver/stm32g0xx_hal_crc_ex.o
 .debug_macro   0x000197c4      0x24d ./Drivers/STM32G0xx_HAL_Driver/stm32g0xx_hal_dma.o
 .debug_macro   0x00019a11      0x254 ./Drivers/STM32G0xx_HAL_Driver/stm32g0xx_hal_gpio.o
 .debug_macro   0x00019c65      0x319 ./Drivers/STM32G0xx_HAL_Driver/stm32g0xx_hal_i2c.o
 .debug_macro   0x00019f7e      0x24d ./Drivers/STM32G0xx_HAL_Driver/stm32g0xx_hal_i2c_ex.o
 .debug_macro   0x0001a1cb      0x24d ./Drivers/STM32G0xx_HAL_Driver/stm32g0xx_hal_pwr.o
 .debug_macro   0x0001a418      0x25f ./Drivers/STM32G0xx_HAL_Driver/stm32g0xx_hal_pwr_ex.o
 .debug_macro   0x0001a677      0x28f ./Drivers/STM32G0xx_HAL_Driver/stm32g0xx_hal_rcc.o
 .debug_macro   0x0001a906      0x265 ./Drivers/STM32G0xx_HAL_Driver/stm32g0xx_hal_rcc_ex.o
 .debug_macro   0x0001ab6b      0x24e ./Drivers/STM32G0xx_HAL_Driver/stm32g0xx_hal_rtc.o
 .debug_macro   0x0001adb9      0x255 ./Drivers/STM32G0xx_HAL_Driver/stm32g0xx_hal_tim.o
 .debug_macro   0x0001b00e      0x253 ./Drivers/STM32G0xx_HAL_Driver/stm32g0xx_hal_tim_ex.o
 .debug_macro   0x0001b261      0x278 ./Drivers/STM32G0xx_HAL_Driver/stm32g0xx_hal_uart.o
 .debug_macro   0x0001b4d9      0x259 ./Drivers/STM32G0xx_HAL_Driver/stm32g0xx_hal_uart_ex.o

.debug_line     0x00000000    0x24718
 .debug_line    0x00000000      0xd4f ./Core/Src/LP5036RJVR_led_driver.o
 .debug_line    0x00000d4f      0xb2b ./Core/Src/adc.o
 .debug_line    0x0000187a      0x992 ./Core/Src/crc.o
 .debug_line    0x0000220c      0x93f ./Core/Src/dma.o
 .debug_line    0x00002b4b      0x9b0 ./Core/Src/gpio.o
 .debug_line    0x000034fb      0xa81 ./Core/Src/i2c.o
 .debug_line    0x00003f7c     0x10c6 ./Core/Src/main.o
 .debug_line    0x00005042      0xb93 ./Core/Src/main_motor_driver.o
 .debug_line    0x00005bd5      0x9ec ./Core/Src/rtc.o
 .debug_line    0x000065c1      0x9d6 ./Core/Src/small_motor_DAC.o
 .debug_line    0x00006f97      0x943 ./Core/Src/stm32g0xx_hal_msp.o
 .debug_line    0x000078da      0x9bc ./Core/Src/stm32g0xx_it.o
 .debug_line    0x00008296      0x9b6 ./Core/Src/system_stm32g0xx.o
 .debug_line    0x00008c4c      0xa6c ./Core/Src/tasks.o
 .debug_line    0x000096b8      0xa8d ./Core/Src/tim.o
 .debug_line    0x0000a145      0xa08 ./Core/Src/usart.o
 .debug_line    0x0000ab4d       0x7b ./Core/Startup/startup_stm32g070rbtx.o
 .debug_line    0x0000abc8      0xc99 ./Drivers/STM32G0xx_HAL_Driver/stm32g0xx_hal.o
 .debug_line    0x0000b861     0x1b5a ./Drivers/STM32G0xx_HAL_Driver/stm32g0xx_hal_adc.o
 .debug_line    0x0000d3bb      0xdc9 ./Drivers/STM32G0xx_HAL_Driver/stm32g0xx_hal_cortex.o
 .debug_line    0x0000e184      0xc3a ./Drivers/STM32G0xx_HAL_Driver/stm32g0xx_hal_crc.o
 .debug_line    0x0000edbe      0xa37 ./Drivers/STM32G0xx_HAL_Driver/stm32g0xx_hal_crc_ex.o
 .debug_line    0x0000f7f5      0xfb0 ./Drivers/STM32G0xx_HAL_Driver/stm32g0xx_hal_dma.o
 .debug_line    0x000107a5      0xd85 ./Drivers/STM32G0xx_HAL_Driver/stm32g0xx_hal_gpio.o
 .debug_line    0x0001152a     0x3944 ./Drivers/STM32G0xx_HAL_Driver/stm32g0xx_hal_i2c.o
 .debug_line    0x00014e6e      0xae1 ./Drivers/STM32G0xx_HAL_Driver/stm32g0xx_hal_i2c_ex.o
 .debug_line    0x0001594f      0xada ./Drivers/STM32G0xx_HAL_Driver/stm32g0xx_hal_pwr.o
 .debug_line    0x00016429      0xbbf ./Drivers/STM32G0xx_HAL_Driver/stm32g0xx_hal_pwr_ex.o
 .debug_line    0x00016fe8     0x11ef ./Drivers/STM32G0xx_HAL_Driver/stm32g0xx_hal_rcc.o
 .debug_line    0x000181d7      0xd72 ./Drivers/STM32G0xx_HAL_Driver/stm32g0xx_hal_rcc_ex.o
 .debug_line    0x00018f49     0x140b ./Drivers/STM32G0xx_HAL_Driver/stm32g0xx_hal_rtc.o
 .debug_line    0x0001a354     0x3ebe ./Drivers/STM32G0xx_HAL_Driver/stm32g0xx_hal_tim.o
 .debug_line    0x0001e212     0x1db2 ./Drivers/STM32G0xx_HAL_Driver/stm32g0xx_hal_tim_ex.o
 .debug_line    0x0001ffc4     0x3807 ./Drivers/STM32G0xx_HAL_Driver/stm32g0xx_hal_uart.o
 .debug_line    0x000237cb      0xf4d ./Drivers/STM32G0xx_HAL_Driver/stm32g0xx_hal_uart_ex.o

.debug_str      0x00000000    0xa367c
 .debug_str     0x00000000    0xa367c ./Core/Src/LP5036RJVR_led_driver.o
                              0x9cbeb (size before relaxing)
 .debug_str     0x000a367c    0x99712 ./Core/Src/adc.o
 .debug_str     0x000a367c    0x9907b ./Core/Src/crc.o
 .debug_str     0x000a367c    0x99052 ./Core/Src/dma.o
 .debug_str     0x000a367c    0x98f46 ./Core/Src/gpio.o
 .debug_str     0x000a367c    0x995f1 ./Core/Src/i2c.o
 .debug_str     0x000a367c    0x9d5fb ./Core/Src/main.o
 .debug_str     0x000a367c    0x9c148 ./Core/Src/main_motor_driver.o
 .debug_str     0x000a367c    0x9922e ./Core/Src/rtc.o
 .debug_str     0x000a367c    0x9958c ./Core/Src/small_motor_DAC.o
 .debug_str     0x000a367c    0x98e7b ./Core/Src/stm32g0xx_hal_msp.o
 .debug_str     0x000a367c    0x990fd ./Core/Src/stm32g0xx_it.o
 .debug_str     0x000a367c    0x98add ./Core/Src/system_stm32g0xx.o
 .debug_str     0x000a367c    0x98e5a ./Core/Src/tasks.o
 .debug_str     0x000a367c    0x999ad ./Core/Src/tim.o
 .debug_str     0x000a367c    0x995ee ./Core/Src/usart.o
 .debug_str     0x000a367c       0x86 ./Core/Startup/startup_stm32g070rbtx.o
 .debug_str     0x000a367c    0x991b7 ./Drivers/STM32G0xx_HAL_Driver/stm32g0xx_hal.o
 .debug_str     0x000a367c    0x998d0 ./Drivers/STM32G0xx_HAL_Driver/stm32g0xx_hal_adc.o
 .debug_str     0x000a367c    0x98f94 ./Drivers/STM32G0xx_HAL_Driver/stm32g0xx_hal_cortex.o
 .debug_str     0x000a367c    0x98cae ./Drivers/STM32G0xx_HAL_Driver/stm32g0xx_hal_crc.o
 .debug_str     0x000a367c    0x98c54 ./Drivers/STM32G0xx_HAL_Driver/stm32g0xx_hal_crc_ex.o
 .debug_str     0x000a367c    0x98faf ./Drivers/STM32G0xx_HAL_Driver/stm32g0xx_hal_dma.o
 .debug_str     0x000a367c    0x98c4a ./Drivers/STM32G0xx_HAL_Driver/stm32g0xx_hal_gpio.o
 .debug_str     0x000a367c    0x99ed8 ./Drivers/STM32G0xx_HAL_Driver/stm32g0xx_hal_i2c.o
 .debug_str     0x000a367c    0x99154 ./Drivers/STM32G0xx_HAL_Driver/stm32g0xx_hal_i2c_ex.o
 .debug_str     0x000a367c    0x98d0a ./Drivers/STM32G0xx_HAL_Driver/stm32g0xx_hal_pwr.o
 .debug_str     0x000a367c    0x98d69 ./Drivers/STM32G0xx_HAL_Driver/stm32g0xx_hal_pwr_ex.o
 .debug_str     0x000a367c    0x99239 ./Drivers/STM32G0xx_HAL_Driver/stm32g0xx_hal_rcc.o
 .debug_str     0x000a367c    0x98e66 ./Drivers/STM32G0xx_HAL_Driver/stm32g0xx_hal_rcc_ex.o
 .debug_str     0x000a367c    0x98fdf ./Drivers/STM32G0xx_HAL_Driver/stm32g0xx_hal_rtc.o
 .debug_str     0x000a367c    0x9a057 ./Drivers/STM32G0xx_HAL_Driver/stm32g0xx_hal_tim.o
 .debug_str     0x000a367c    0x999e5 ./Drivers/STM32G0xx_HAL_Driver/stm32g0xx_hal_tim_ex.o
 .debug_str     0x000a367c    0x99ae0 ./Drivers/STM32G0xx_HAL_Driver/stm32g0xx_hal_uart.o
 .debug_str     0x000a367c    0x9939f ./Drivers/STM32G0xx_HAL_Driver/stm32g0xx_hal_uart_ex.o

.comment        0x00000000       0x43
 .comment       0x00000000       0x43 ./Core/Src/LP5036RJVR_led_driver.o
                                 0x44 (size before relaxing)
 .comment       0x00000043       0x44 ./Core/Src/adc.o
 .comment       0x00000043       0x44 ./Core/Src/crc.o
 .comment       0x00000043       0x44 ./Core/Src/dma.o
 .comment       0x00000043       0x44 ./Core/Src/gpio.o
 .comment       0x00000043       0x44 ./Core/Src/i2c.o
 .comment       0x00000043       0x44 ./Core/Src/main.o
 .comment       0x00000043       0x44 ./Core/Src/main_motor_driver.o
 .comment       0x00000043       0x44 ./Core/Src/rtc.o
 .comment       0x00000043       0x44 ./Core/Src/small_motor_DAC.o
 .comment       0x00000043       0x44 ./Core/Src/stm32g0xx_hal_msp.o
 .comment       0x00000043       0x44 ./Core/Src/stm32g0xx_it.o
 .comment       0x00000043       0x44 ./Core/Src/system_stm32g0xx.o
 .comment       0x00000043       0x44 ./Core/Src/tasks.o
 .comment       0x00000043       0x44 ./Core/Src/tim.o
 .comment       0x00000043       0x44 ./Core/Src/usart.o
 .comment       0x00000043       0x44 ./Drivers/STM32G0xx_HAL_Driver/stm32g0xx_hal.o
 .comment       0x00000043       0x44 ./Drivers/STM32G0xx_HAL_Driver/stm32g0xx_hal_adc.o
 .comment       0x00000043       0x44 ./Drivers/STM32G0xx_HAL_Driver/stm32g0xx_hal_cortex.o
 .comment       0x00000043       0x44 ./Drivers/STM32G0xx_HAL_Driver/stm32g0xx_hal_crc.o
 .comment       0x00000043       0x44 ./Drivers/STM32G0xx_HAL_Driver/stm32g0xx_hal_crc_ex.o
 .comment       0x00000043       0x44 ./Drivers/STM32G0xx_HAL_Driver/stm32g0xx_hal_dma.o
 .comment       0x00000043       0x44 ./Drivers/STM32G0xx_HAL_Driver/stm32g0xx_hal_gpio.o
 .comment       0x00000043       0x44 ./Drivers/STM32G0xx_HAL_Driver/stm32g0xx_hal_i2c.o
 .comment       0x00000043       0x44 ./Drivers/STM32G0xx_HAL_Driver/stm32g0xx_hal_i2c_ex.o
 .comment       0x00000043       0x44 ./Drivers/STM32G0xx_HAL_Driver/stm32g0xx_hal_pwr.o
 .comment       0x00000043       0x44 ./Drivers/STM32G0xx_HAL_Driver/stm32g0xx_hal_pwr_ex.o
 .comment       0x00000043       0x44 ./Drivers/STM32G0xx_HAL_Driver/stm32g0xx_hal_rcc.o
 .comment       0x00000043       0x44 ./Drivers/STM32G0xx_HAL_Driver/stm32g0xx_hal_rcc_ex.o
 .comment       0x00000043       0x44 ./Drivers/STM32G0xx_HAL_Driver/stm32g0xx_hal_rtc.o
 .comment       0x00000043       0x44 ./Drivers/STM32G0xx_HAL_Driver/stm32g0xx_hal_tim.o
 .comment       0x00000043       0x44 ./Drivers/STM32G0xx_HAL_Driver/stm32g0xx_hal_tim_ex.o
 .comment       0x00000043       0x44 ./Drivers/STM32G0xx_HAL_Driver/stm32g0xx_hal_uart.o
 .comment       0x00000043       0x44 ./Drivers/STM32G0xx_HAL_Driver/stm32g0xx_hal_uart_ex.o

.debug_frame    0x00000000     0x5188
 .debug_frame   0x00000000       0xd0 ./Core/Src/LP5036RJVR_led_driver.o
 .debug_frame   0x000000d0       0xb0 ./Core/Src/adc.o
 .debug_frame   0x00000180       0x6c ./Core/Src/crc.o
 .debug_frame   0x000001ec       0x30 ./Core/Src/dma.o
 .debug_frame   0x0000021c       0x30 ./Core/Src/gpio.o
 .debug_frame   0x0000024c       0x88 ./Core/Src/i2c.o
 .debug_frame   0x000002d4      0x1ac ./Core/Src/main.o
 .debug_frame   0x00000480       0x8c ./Core/Src/main_motor_driver.o
 .debug_frame   0x0000050c       0x70 ./Core/Src/rtc.o
 .debug_frame   0x0000057c       0x4c ./Core/Src/small_motor_DAC.o
 .debug_frame   0x000005c8       0x30 ./Core/Src/stm32g0xx_hal_msp.o
 .debug_frame   0x000005f8       0xb8 ./Core/Src/stm32g0xx_it.o
 .debug_frame   0x000006b0       0x4c ./Core/Src/system_stm32g0xx.o
 .debug_frame   0x000006fc       0xb0 ./Core/Src/tasks.o
 .debug_frame   0x000007ac       0xb0 ./Core/Src/tim.o
 .debug_frame   0x0000085c       0x6c ./Core/Src/usart.o
 .debug_frame   0x000008c8      0x340 ./Drivers/STM32G0xx_HAL_Driver/stm32g0xx_hal.o
 .debug_frame   0x00000c08      0x78c ./Drivers/STM32G0xx_HAL_Driver/stm32g0xx_hal_adc.o
 .debug_frame   0x00001394      0x33c ./Drivers/STM32G0xx_HAL_Driver/stm32g0xx_hal_cortex.o
 .debug_frame   0x000016d0      0x130 ./Drivers/STM32G0xx_HAL_Driver/stm32g0xx_hal_crc.o
 .debug_frame   0x00001800       0x70 ./Drivers/STM32G0xx_HAL_Driver/stm32g0xx_hal_crc_ex.o
 .debug_frame   0x00001870      0x1f0 ./Drivers/STM32G0xx_HAL_Driver/stm32g0xx_hal_dma.o
 .debug_frame   0x00001a60      0x130 ./Drivers/STM32G0xx_HAL_Driver/stm32g0xx_hal_gpio.o
 .debug_frame   0x00001b90      0xa68 ./Drivers/STM32G0xx_HAL_Driver/stm32g0xx_hal_i2c.o
 .debug_frame   0x000025f8       0xd0 ./Drivers/STM32G0xx_HAL_Driver/stm32g0xx_hal_i2c_ex.o
 .debug_frame   0x000026c8      0x170 ./Drivers/STM32G0xx_HAL_Driver/stm32g0xx_hal_pwr.o
 .debug_frame   0x00002838      0x1f4 ./Drivers/STM32G0xx_HAL_Driver/stm32g0xx_hal_pwr_ex.o
 .debug_frame   0x00002a2c      0x214 ./Drivers/STM32G0xx_HAL_Driver/stm32g0xx_hal_rcc.o
 .debug_frame   0x00002c40       0xb0 ./Drivers/STM32G0xx_HAL_Driver/stm32g0xx_hal_rcc_ex.o
 .debug_frame   0x00002cf0      0x360 ./Drivers/STM32G0xx_HAL_Driver/stm32g0xx_hal_rtc.o
 .debug_frame   0x00003050      0xf40 ./Drivers/STM32G0xx_HAL_Driver/stm32g0xx_hal_tim.o
 .debug_frame   0x00003f90      0x620 ./Drivers/STM32G0xx_HAL_Driver/stm32g0xx_hal_tim_ex.o
 .debug_frame   0x000045b0      0x8d4 ./Drivers/STM32G0xx_HAL_Driver/stm32g0xx_hal_uart.o
 .debug_frame   0x00004e84      0x258 ./Drivers/STM32G0xx_HAL_Driver/stm32g0xx_hal_uart_ex.o
 .debug_frame   0x000050dc       0x20 C:/ST/STM32CubeIDE_1.18.0/STM32CubeIDE/plugins/com.st.stm32cube.ide.mcu.externaltools.gnu-tools-for-stm32.13.3.rel1.win32_1.0.0.202411081344/tools/bin/../lib/gcc/arm-none-eabi/13.3.1/../../../../arm-none-eabi/lib/thumb/v6-m/nofp\libc_nano.a(libc_a-memset.o)
 .debug_frame   0x000050fc       0x2c C:/ST/STM32CubeIDE_1.18.0/STM32CubeIDE/plugins/com.st.stm32cube.ide.mcu.externaltools.gnu-tools-for-stm32.13.3.rel1.win32_1.0.0.202411081344/tools/bin/../lib/gcc/arm-none-eabi/13.3.1/../../../../arm-none-eabi/lib/thumb/v6-m/nofp\libc_nano.a(libc_a-init.o)
 .debug_frame   0x00005128       0x20 C:/ST/STM32CubeIDE_1.18.0/STM32CubeIDE/plugins/com.st.stm32cube.ide.mcu.externaltools.gnu-tools-for-stm32.13.3.rel1.win32_1.0.0.202411081344/tools/bin/../lib/gcc/arm-none-eabi/13.3.1/../../../../arm-none-eabi/lib/thumb/v6-m/nofp\libc_nano.a(libc_a-strcmp.o)
 .debug_frame   0x00005148       0x20 C:/ST/STM32CubeIDE_1.18.0/STM32CubeIDE/plugins/com.st.stm32cube.ide.mcu.externaltools.gnu-tools-for-stm32.13.3.rel1.win32_1.0.0.202411081344/tools/bin/../lib/gcc/arm-none-eabi/13.3.1/thumb/v6-m/nofp\libgcc.a(_udivsi3.o)
 .debug_frame   0x00005168       0x20 C:/ST/STM32CubeIDE_1.18.0/STM32CubeIDE/plugins/com.st.stm32cube.ide.mcu.externaltools.gnu-tools-for-stm32.13.3.rel1.win32_1.0.0.202411081344/tools/bin/../lib/gcc/arm-none-eabi/13.3.1/thumb/v6-m/nofp\libgcc.a(_divsi3.o)

.debug_line_str
                0x00000000       0x6a
 .debug_line_str
                0x00000000       0x6a ./Core/Startup/startup_stm32g070rbtx.o
