../Core/Src/main.c:75:6:task_Big_Motor	7
../Core/Src/main.c:145:6:task_smotor_left	10
../Core/Src/main.c:220:6:task_smotor_right	10
../Core/Src/main.c:295:6:task_left_blink	7
../Core/Src/main.c:343:6:task_right_blink	7
../Core/Src/main.c:392:6:task_adc_evaluation	8
../Core/Src/main.c:446:5:main	14
../Core/Src/main.c:583:6:SystemClock_Config	3
../Core/Src/main.c:634:6:log_reset_reason	6
../Core/Src/main.c:670:9:read_bit	1
../Core/Src/main.c:675:6:write_bit	2
../Core/Src/main.c:682:6:show_error	27
../Core/Src/main.c:789:6:Error_Handler	5
