../Core/Src/main.c:75:6:task_Big_Motor	16	static
../Core/Src/main.c:145:6:task_smotor_left	16	static
../Core/Src/main.c:220:6:task_smotor_right	16	static
../Core/Src/main.c:295:6:task_left_blink	16	static
../Core/Src/main.c:343:6:task_right_blink	16	static
../Core/Src/main.c:392:6:task_adc_evaluation	32	static
../Core/Src/main.c:446:5:main	16	static
../Core/Src/main.c:583:6:SystemClock_Config	88	static
../Core/Src/main.c:634:6:log_reset_reason	8	static
../Core/Src/main.c:670:9:read_bit	16	static
../Core/Src/main.c:675:6:write_bit	16	static
../Core/Src/main.c:682:6:show_error	16	static
../Core/Src/main.c:789:6:Error_Handler	16	static
